<html>
<body>
<pre>
<h1>礦ision Build Log</h1>
<h2>Project:</h2>
E:\stm32\实验0-1 Template工程模板-新建工程章节使用\USER\Template.uvprojx
Project File Date:  03/22/2022

<h2>Output:</h2>
Rebuild target 'Template'
compiling main.c...
compiling stm32f10x_it.c...
compiling system_stm32f10x.c...
compiling delay.c...
compiling sys.c...
compiling usart.c...
compiling core_cm3.c...
assembling startup_stm32f10x_hd.s...
compiling misc.c...
compiling stm32f10x_adc.c...
compiling stm32f10x_bkp.c...
compiling stm32f10x_can.c...
compiling stm32f10x_cec.c...
compiling stm32f10x_crc.c...
compiling stm32f10x_dac.c...
compiling stm32f10x_dbgmcu.c...
compiling stm32f10x_dma.c...
compiling stm32f10x_exti.c...
compiling stm32f10x_flash.c...
compiling stm32f10x_fsmc.c...
compiling stm32f10x_gpio.c...
compiling stm32f10x_i2c.c...
compiling stm32f10x_iwdg.c...
compiling stm32f10x_pwr.c...
compiling stm32f10x_rcc.c...
compiling stm32f10x_rtc.c...
compiling stm32f10x_sdio.c...
compiling stm32f10x_spi.c...
compiling stm32f10x_tim.c...
compiling stm32f10x_usart.c...
compiling stm32f10x_wwdg.c...
compiling led.c...
linking...
Program Size: Code=1524 RO-data=336 RW-data=32 ZI-data=1832  
FromELF: creating hex file...
"..\OBJ\Template.axf" - 0 Error(s), 0 Warning(s).
</pre>
</body>
</html>
              */
..\USER\stm32f10x.h(472): warning:  #12-D: parsing restarts here after previous syntax error
  } IRQn_Type;
..\SYSTEM\delay\delay.c: 1 warning, 1 error
compiling sys.c...
..\USER\stm32f10x.h(298): error:  #67: expected a "}"
    ADC1_2_IRQn                 = 18,     /*!< ADC1 and ADC2 global Interrupt                       */
..\USER\stm32f10x.h(472): warning:  #12-D: parsing restarts here after previous syntax error
  } IRQn_Type;
..\SYSTEM\sys\sys.c: 1 warning, 1 error
compiling usart.c...
..\USER\stm32f10x.h(298): error:  #67: expected a "}"
    ADC1_2_IRQn                 = 18,     /*!< ADC1 and ADC2 global Interrupt                       */
..\USER\stm32f10x.h(472): warning:  #12-D: parsing restarts here after previous syntax error
  } IRQn_Type;
..\SYSTEM\usart\usart.c: 1 warning, 1 error
compiling core_cm3.c...
assembling startup_stm32f10x_hd.s...
compiling misc.c...
..\USER\stm32f10x.h(298): error:  #67: expected a "}"
    ADC1_2_IRQn                 = 18,     /*!< ADC1 and ADC2 global Interrupt                       */
..\USER\stm32f10x.h(472): warning:  #12-D: parsing restarts here after previous syntax error
  } IRQn_Type;
..\STM32F10x_FWLib\src\misc.c: 1 warning, 1 error
compiling stm32f10x_adc.c...
..\USER\stm32f10x.h(298): error:  #67: expected a "}"
    ADC1_2_IRQn                 = 18,     /*!< ADC1 and ADC2 global Interrupt                       */
..\USER\stm32f10x.h(472): warning:  #12-D: parsing restarts here after previous syntax error
  } IRQn_Type;
..\STM32F10x_FWLib\src\stm32f10x_adc.c: 1 warning, 1 error
compiling stm32f10x_bkp.c...
..\USER\stm32f10x.h(298): error:  #67: expected a "}"
    ADC1_2_IRQn                 = 18,     /*!< ADC1 and ADC2 global Interrupt                       */
..\USER\stm32f10x.h(472): warning:  #12-D: parsing restarts here after previous syntax error
  } IRQn_Type;
..\STM32F10x_FWLib\src\stm32f10x_bkp.c: 1 warning, 1 error
compiling stm32f10x_can.c...
..\USER\stm32f10x.h(298): error:  #67: expected a "}"
    ADC1_2_IRQn                 = 18,     /*!< ADC1 and ADC2 global Interrupt                       */
..\USER\stm32f10x.h(472): warning:  #12-D: parsing restarts here after previous syntax error
  } IRQn_Type;
..\STM32F10x_FWLib\src\stm32f10x_can.c: 1 warning, 1 error
compiling stm32f10x_cec.c...
..\USER\stm32f10x.h(298): error:  #67: expected a "}"
    ADC1_2_IRQn                 = 18,     /*!< ADC1 and ADC2 global Interrupt                       */
..\USER\stm32f10x.h(472): warning:  #12-D: parsing restarts here after previous syntax error
  } IRQn_Type;
..\STM32F10x_FWLib\src\stm32f10x_cec.c: 1 warning, 1 error
compiling stm32f10x_crc.c...
..\USER\stm32f10x.h(298): error:  #67: expected a "}"
    ADC1_2_IRQn                 = 18,     /*!< ADC1 and ADC2 global Interrupt                       */
..\USER\stm32f10x.h(472): warning:  #12-D: parsing restarts here after previous syntax error
  } IRQn_Type;
..\STM32F10x_FWLib\src\stm32f10x_crc.c: 1 warning, 1 error
compiling stm32f10x_dac.c...
..\USER\stm32f10x.h(298): error:  #67: expected a "}"
    ADC1_2_IRQn                 = 18,     /*!< ADC1 and ADC2 global Interrupt                       */
..\USER\stm32f10x.h(472): warning:  #12-D: parsing restarts here after previous syntax error
  } IRQn_Type;
..\STM32F10x_FWLib\src\stm32f10x_dac.c: 1 warning, 1 error
compiling stm32f10x_dbgmcu.c...
..\USER\stm32f10x.h(298): error:  #67: expected a "}"
    ADC1_2_IRQn                 = 18,     /*!< ADC1 and ADC2 global Interrupt                       */
..\USER\stm32f10x.h(472): warning:  #12-D: parsing restarts here after previous syntax error
  } IRQn_Type;
..\STM32F10x_FWLib\src\stm32f10x_dbgmcu.c: 1 warning, 1 error
compiling stm32f10x_dma.c...
..\USER\stm32f10x.h(298): error:  #67: expected a "}"
    ADC1_2_IRQn                 = 18,     /*!< ADC1 and ADC2 global Interrupt                       */
..\USER\stm32f10x.h(472): warning:  #12-D: parsing restarts here after previous syntax error
  } IRQn_Type;
..\STM32F10x_FWLib\src\stm32f10x_dma.c: 1 warning, 1 error
compiling stm32f10x_exti.c...
..\USER\stm32f10x.h(298): error:  #67: expected a "}"
    ADC1_2_IRQn                 = 18,     /*!< ADC1 and ADC2 global Interrupt                       */
..\USER\stm32f10x.h(472): warning:  #12-D: parsing restarts here after previous syntax error
  } IRQn_Type;
..\STM32F10x_FWLib\src\stm32f10x_exti.c: 1 warning, 1 error
compiling stm32f10x_flash.c...
..\USER\stm32f10x.h(298): error:  #67: expected a "}"
    ADC1_2_IRQn                 = 18,     /*!< ADC1 and ADC2 global Interrupt                       */
..\USER\stm32f10x.h(472): warning:  #12-D: parsing restarts here after previous syntax error
  } IRQn_Type;
..\STM32F10x_FWLib\src\stm32f10x_flash.c: 1 warning, 1 error
compiling stm32f10x_fsmc.c...
..\USER\stm32f10x.h(298): error:  #67: expected a "}"
    ADC1_2_IRQn                 = 18,     /*!< ADC1 and ADC2 global Interrupt                       */
..\USER\stm32f10x.h(472): warning:  #12-D: parsing restarts here after previous syntax error
  } IRQn_Type;
..\STM32F10x_FWLib\src\stm32f10x_fsmc.c: 1 warning, 1 error
compiling stm32f10x_gpio.c...
..\USER\stm32f10x.h(298): error:  #67: expected a "}"
    ADC1_2_IRQn                 = 18,     /*!< ADC1 and ADC2 global Interrupt                       */
..\USER\stm32f10x.h(472): warning:  #12-D: parsing restarts here after previous syntax error
  } IRQn_Type;
..\STM32F10x_FWLib\src\stm32f10x_gpio.c: 1 warning, 1 error
compiling stm32f10x_i2c.c...
..\USER\stm32f10x.h(298): error:  #67: expected a "}"
    ADC1_2_IRQn                 = 18,     /*!< ADC1 and ADC2 global Interrupt                       */
..\USER\stm32f10x.h(472): warning:  #12-D: parsing restarts here after previous syntax error
  } IRQn_Type;
..\STM32F10x_FWLib\src\stm32f10x_i2c.c: 1 warning, 1 error
compiling stm32f10x_iwdg.c...
..\USER\stm32f10x.h(298): error:  #67: expected a "}"
    ADC1_2_IRQn                 = 18,     /*!< ADC1 and ADC2 global Interrupt                       */
..\USER\stm32f10x.h(472): warning:  #12-D: parsing restarts here after previous syntax error
  } IRQn_Type;
..\STM32F10x_FWLib\src\stm32f10x_iwdg.c: 1 warning, 1 error
compiling stm32f10x_pwr.c...
..\USER\stm32f10x.h(298): error:  #67: expected a "}"
    ADC1_2_IRQn                 = 18,     /*!< ADC1 and ADC2 global Interrupt                       */
..\USER\stm32f10x.h(472): warning:  #12-D: parsing restarts here after previous syntax error
  } IRQn_Type;
..\STM32F10x_FWLib\src\stm32f10x_pwr.c: 1 warning, 1 error
compiling stm32f10x_rcc.c...
..\USER\stm32f10x.h(298): error:  #67: expected a "}"
    ADC1_2_IRQn                 = 18,     /*!< ADC1 and ADC2 global Interrupt                       */
..\USER\stm32f10x.h(472): warning:  #12-D: parsing restarts here after previous syntax error
  } IRQn_Type;
..\STM32F10x_FWLib\src\stm32f10x_rcc.c: 1 warning, 1 error
compiling stm32f10x_rtc.c...
..\USER\stm32f10x.h(298): error:  #67: expected a "}"
    ADC1_2_IRQn                 = 18,     /*!< ADC1 and ADC2 global Interrupt                       */
..\USER\stm32f10x.h(472): warning:  #12-D: parsing restarts here after previous syntax error
  } IRQn_Type;
..\STM32F10x_FWLib\src\stm32f10x_rtc.c: 1 warning, 1 error
compiling stm32f10x_sdio.c...
..\USER\stm32f10x.h(298): error:  #67: expected a "}"
    ADC1_2_IRQn                 = 18,     /*!< ADC1 and ADC2 global Interrupt                       */
..\USER\stm32f10x.h(472): warning:  #12-D: parsing restarts here after previous syntax error
  } IRQn_Type;
..\STM32F10x_FWLib\src\stm32f10x_sdio.c: 1 warning, 1 error
compiling stm32f10x_spi.c...
..\USER\stm32f10x.h(298): error:  #67: expected a "}"
    ADC1_2_IRQn                 = 18,     /*!< ADC1 and ADC2 global Interrupt                       */
..\USER\stm32f10x.h(472): warning:  #12-D: parsing restarts here after previous syntax error
  } IRQn_Type;
..\STM32F10x_FWLib\src\stm32f10x_spi.c: 1 warning, 1 error
compiling stm32f10x_tim.c...
..\USER\stm32f10x.h(298): error:  #67: expected a "}"
    ADC1_2_IRQn                 = 18,     /*!< ADC1 and ADC2 global Interrupt                       */
..\USER\stm32f10x.h(472): warning:  #12-D: parsing restarts here after previous syntax error
  } IRQn_Type;
..\STM32F10x_FWLib\src\stm32f10x_tim.c: 1 warning, 1 error
compiling stm32f10x_usart.c...
..\USER\stm32f10x.h(298): error:  #67: expected a "}"
    ADC1_2_IRQn                 = 18,     /*!< ADC1 and ADC2 global Interrupt                       */
..\USER\stm32f10x.h(472): warning:  #12-D: parsing restarts here after previous syntax error
  } IRQn_Type;
..\STM32F10x_FWLib\src\stm32f10x_usart.c: 1 warning, 1 error
compiling stm32f10x_wwdg.c...
..\USER\stm32f10x.h(298): error:  #67: expected a "}"
    ADC1_2_IRQn                 = 18,     /*!< ADC1 and ADC2 global Interrupt                       */
..\USER\stm32f10x.h(472): warning:  #12-D: parsing restarts here after previous syntax error
  } IRQn_Type;
..\STM32F10x_FWLib\src\stm32f10x_wwdg.c: 1 warning, 1 error
compiling led.c...
..\USER\stm32f10x.h(298): error:  #67: expected a "}"
    ADC1_2_IRQn                 = 18,     /*!< ADC1 and ADC2 global Interrupt                       */
..\USER\stm32f10x.h(472): warning:  #12-D: parsing restarts here after previous syntax error
  } IRQn_Type;
..\HARDWARE\LED\led.c: 1 warning, 1 error
"..\OBJ\Template.axf" - 30 Error(s), 30 Warning(s).
Target not created
compiling main.c...
stm32f10x.h(298): error:  #67: expected a "}"
    ADC1_2_IRQn                 = 18,     /*!< ADC1 and ADC2 global Interrupt                       */
stm32f10x.h(472): warning:  #12-D: parsing restarts here after previous syntax error
  } IRQn_Type;
main.c: 1 warning, 1 error
"main.c" - 1 Error(s), 1 Warning(s).
compiling main.c...
"main.c" - 0 Error(s), 0 Warning(s).
