Product: MDK-ARM Lite 5.10
Component: ARM Compiler 5.04 update 1 (build 49)
Tool: armlink [5040049]

==============================================================================

Section Cross References

    main.o(i.main) refers to _printf_pad.o(.text) for _printf_pre_padding
    main.o(i.main) refers to _printf_percent.o(.ARM.Collect$$_printf_percent$$00000000) for _printf_percent
    main.o(i.main) refers to _printf_f.o(.ARM.Collect$$_printf_percent$$00000003) for _printf_f
    main.o(i.main) refers to printf1.o(x$fpl$printf1) for _printf_fp_dec
    main.o(i.main) refers to misc.o(i.NVIC_PriorityGroupConfig) for NVIC_PriorityGroupConfig
    main.o(i.main) refers to led.o(i.My_LED_Init) for My_LED_Init
    main.o(i.main) refers to delay.o(i.delay_init) for delay_init
    main.o(i.main) refers to myus.o(i.My_US_Init) for My_US_Init
    main.o(i.main) refers to hcsr.o(i.My_CSB_Init) for My_CSB_Init
    main.o(i.main) refers to hcsr.o(i.Distance) for Distance
    main.o(i.main) refers to f2d.o(x$fpl$f2d) for __aeabi_f2d
    main.o(i.main) refers to noretval__2printf.o(.text) for __2printf
    system_stm32f10x.o(i.SetSysClock) refers to system_stm32f10x.o(i.SetSysClockTo72) for SetSysClockTo72
    system_stm32f10x.o(i.SystemCoreClockUpdate) refers to system_stm32f10x.o(.data) for SystemCoreClock
    system_stm32f10x.o(i.SystemInit) refers to system_stm32f10x.o(i.SetSysClock) for SetSysClock
    delay.o(i.delay_init) refers to misc.o(i.SysTick_CLKSourceConfig) for SysTick_CLKSourceConfig
    delay.o(i.delay_init) refers to system_stm32f10x.o(.data) for SystemCoreClock
    delay.o(i.delay_init) refers to delay.o(.data) for fac_us
    delay.o(i.delay_ms) refers to delay.o(.data) for fac_ms
    delay.o(i.delay_us) refers to delay.o(.data) for fac_us
    startup_stm32f10x_hd.o(STACK) refers (Special) to heapauxi.o(.text) for __use_two_region_memory
    startup_stm32f10x_hd.o(HEAP) refers (Special) to heapauxi.o(.text) for __use_two_region_memory
    startup_stm32f10x_hd.o(RESET) refers (Special) to heapauxi.o(.text) for __use_two_region_memory
    startup_stm32f10x_hd.o(RESET) refers to startup_stm32f10x_hd.o(STACK) for __initial_sp
    startup_stm32f10x_hd.o(RESET) refers to startup_stm32f10x_hd.o(.text) for Reset_Handler
    startup_stm32f10x_hd.o(RESET) refers to stm32f10x_it.o(i.NMI_Handler) for NMI_Handler
    startup_stm32f10x_hd.o(RESET) refers to stm32f10x_it.o(i.HardFault_Handler) for HardFault_Handler
    startup_stm32f10x_hd.o(RESET) refers to stm32f10x_it.o(i.MemManage_Handler) for MemManage_Handler
    startup_stm32f10x_hd.o(RESET) refers to stm32f10x_it.o(i.BusFault_Handler) for BusFault_Handler
    startup_stm32f10x_hd.o(RESET) refers to stm32f10x_it.o(i.UsageFault_Handler) for UsageFault_Handler
    startup_stm32f10x_hd.o(RESET) refers to stm32f10x_it.o(i.SVC_Handler) for SVC_Handler
    startup_stm32f10x_hd.o(RESET) refers to stm32f10x_it.o(i.DebugMon_Handler) for DebugMon_Handler
    startup_stm32f10x_hd.o(RESET) refers to stm32f10x_it.o(i.PendSV_Handler) for PendSV_Handler
    startup_stm32f10x_hd.o(RESET) refers to stm32f10x_it.o(i.SysTick_Handler) for SysTick_Handler
    startup_stm32f10x_hd.o(RESET) refers to hcsr.o(i.TIM2_IRQHandler) for TIM2_IRQHandler
    startup_stm32f10x_hd.o(RESET) refers to myus.o(i.USART1_IRQHandler) for USART1_IRQHandler
    startup_stm32f10x_hd.o(.text) refers (Special) to heapauxi.o(.text) for __use_two_region_memory
    startup_stm32f10x_hd.o(.text) refers to system_stm32f10x.o(i.SystemInit) for SystemInit
    startup_stm32f10x_hd.o(.text) refers to __main.o(!!!main) for __main
    startup_stm32f10x_hd.o(.text) refers to startup_stm32f10x_hd.o(HEAP) for Heap_Mem
    startup_stm32f10x_hd.o(.text) refers to startup_stm32f10x_hd.o(STACK) for Stack_Mem
    stm32f10x_adc.o(i.ADC_DeInit) refers to stm32f10x_rcc.o(i.RCC_APB2PeriphResetCmd) for RCC_APB2PeriphResetCmd
    stm32f10x_bkp.o(i.BKP_DeInit) refers to stm32f10x_rcc.o(i.RCC_BackupResetCmd) for RCC_BackupResetCmd
    stm32f10x_can.o(i.CAN_DeInit) refers to stm32f10x_rcc.o(i.RCC_APB1PeriphResetCmd) for RCC_APB1PeriphResetCmd
    stm32f10x_can.o(i.CAN_GetITStatus) refers to stm32f10x_can.o(i.CheckITStatus) for CheckITStatus
    stm32f10x_cec.o(i.CEC_DeInit) refers to stm32f10x_rcc.o(i.RCC_APB1PeriphResetCmd) for RCC_APB1PeriphResetCmd
    stm32f10x_dac.o(i.DAC_DeInit) refers to stm32f10x_rcc.o(i.RCC_APB1PeriphResetCmd) for RCC_APB1PeriphResetCmd
    stm32f10x_flash.o(i.FLASH_EnableWriteProtection) refers to stm32f10x_flash.o(i.FLASH_WaitForLastOperation) for FLASH_WaitForLastOperation
    stm32f10x_flash.o(i.FLASH_EraseAllBank1Pages) refers to stm32f10x_flash.o(i.FLASH_WaitForLastBank1Operation) for FLASH_WaitForLastBank1Operation
    stm32f10x_flash.o(i.FLASH_EraseAllPages) refers to stm32f10x_flash.o(i.FLASH_WaitForLastOperation) for FLASH_WaitForLastOperation
    stm32f10x_flash.o(i.FLASH_EraseOptionBytes) refers to stm32f10x_flash.o(i.FLASH_GetReadOutProtectionStatus) for FLASH_GetReadOutProtectionStatus
[...]
    ../clib/heap2.c                          0x00000000   Number         0  fdtree.o ABSOLUTE
    ../clib/heapalloc.c                      0x00000000   Number         0  term_alloc.o ABSOLUTE
    ../clib/heapalloc.c                      0x00000000   Number         0  free.o ABSOLUTE
    ../clib/heapalloc.c                      0x00000000   Number         0  maybetermalloc2.o ABSOLUTE
    ../clib/heapalloc.c                      0x00000000   Number         0  hguard.o ABSOLUTE
    ../clib/heapalloc.c                      0x00000000   Number         0  maybetermalloc1.o ABSOLUTE
    ../clib/heapalloc.c                      0x00000000   Number         0  maybetermalloc1.o ABSOLUTE
    ../clib/heapalloc.c                      0x00000000   Number         0  init_alloc.o ABSOLUTE
    ../clib/heapalloc.c                      0x00000000   Number         0  malloc.o ABSOLUTE
    ../clib/heapalloc.c                      0x00000000   Number         0  heapstubs.o ABSOLUTE
    ../clib/heapalloc.c                      0x00000000   Number         0  maybetermalloc2.o ABSOLUTE
    ../clib/heapalloc.c                      0x00000000   Number         0  hrguard.o ABSOLUTE
    ../clib/heapaux.c                        0x00000000   Number         0  heapauxi.o ABSOLUTE
    ../clib/heapaux.c                        0x00000000   Number         0  heapauxa.o ABSOLUTE
    ../clib/libinit.s                        0x00000000   Number         0  libshutdown.o ABSOLUTE
    ../clib/libinit.s                        0x00000000   Number         0  libinit.o ABSOLUTE
    ../clib/libinit.s                        0x00000000   Number         0  libinit2.o ABSOLUTE
    ../clib/libinit.s                        0x00000000   Number         0  libshutdown2.o ABSOLUTE
    ../clib/locale.s                         0x00000000   Number         0  lc_numeric_c.o ABSOLUTE
    ../clib/longlong.s                       0x00000000   Number         0  lludiv10.o ABSOLUTE
    ../clib/memcpset.s                       0x00000000   Number         0  rt_memcpy_w.o ABSOLUTE
    ../clib/memcpset.s                       0x00000000   Number         0  strcmpv7m.o ABSOLUTE
    ../clib/memcpset.s                       0x00000000   Number         0  rt_memclr_w.o ABSOLUTE
    ../clib/memcpset.s                       0x00000000   Number         0  rt_memcpy_v6.o ABSOLUTE
    ../clib/misc.s                           0x00000000   Number         0  printf_stubs.o ABSOLUTE
    ../clib/printf.c                         0x00000000   Number         0  _printf_char_file_locked.o ABSOLUTE
    ../clib/printf.c                         0x00000000   Number         0  __printf_flags_wp.o ABSOLUTE
    ../clib/printf.c                         0x00000000   Number         0  _printf_char_common.o ABSOLUTE
    ../clib/printf.c                         0x00000000   Number         0  __printf_ss_wp.o ABSOLUTE
    ../clib/printf.c                         0x00000000   Number         0  __printf_flags_ss_wp.o ABSOLUTE
    ../clib/printf.c                         0x00000000   Number         0  _printf_fp_infnan.o ABSOLUTE
    ../clib/printf.c                         0x00000000   Number         0  _printf_fp_dec.o ABSOLUTE
    ../clib/printf.c                         0x00000000   Number         0  _printf_char_file.o ABSOLUTE
    ../clib/printf.c                         0x00000000   Number         0  noretval__2printf.o ABSOLUTE
    ../clib/printf.c                         0x00000000   Number         0  __printf_nopercent.o ABSOLUTE
    ../clib/printf.c                         0x00000000   Number         0  __printf_wp.o ABSOLUTE
    ../clib/printf.c                         0x00000000   Number         0  __2printf.o ABSOLUTE
    ../clib/printf.c                         0x00000000   Number         0  __printf.o ABSOLUTE
    ../clib/printf.c                         0x00000000   Number         0  _printf_pad.o ABSOLUTE
    ../clib/printf.c                         0x00000000   Number         0  __printf_flags.o ABSOLUTE
    ../clib/printf.c                         0x00000000   Number         0  __printf_ss.o ABSOLUTE
    ../clib/printf.c                         0x00000000   Number         0  __printf_flags_ss.o ABSOLUTE
    ../clib/printf_percent.s                 0x00000000   Number         0  _printf_percent_end.o ABSOLUTE
    ../clib/printf_percent.s                 0x00000000   Number         0  _printf_percent.o ABSOLUTE
    ../clib/printf_percent.s                 0x00000000   Number         0  _printf_f.o ABSOLUTE
    ../clib/signal.c                         0x00000000   Number         0  defsig_other.o ABSOLUTE
    ../clib/signal.c                         0x00000000   Number         0  defsig_segv_inner.o ABSOLUTE
    ../clib/signal.c                         0x00000000   Number         0  defsig_cppl_inner.o ABSOLUTE
    ../clib/signal.c                         0x00000000   Number         0  defsig_stak_inner.o ABSOLUTE
    ../clib/signal.c                         0x00000000   Number         0  __raise.o ABSOLUTE
    ../clib/signal.c                         0x00000000   Number         0  defsig_abrt_inner.o ABSOLUTE
    ../clib/signal.c                         0x00000000   Number         0  defsig_rtmem_formal.o ABSOLUTE
    ../clib/signal.c                         0x00000000   Number         0  defsig_rtmem_inner.o ABSOLUTE
    ../clib/signal.c                         0x00000000   Number         0  defsig_rtred_inner.o ABSOLUTE
    ../clib/signal.c                         0x00000000   Number         0  defsig_exit.o ABSOLUTE
    ../clib/signal.c                         0x00000000   Number         0  defsig_general.o ABSOLUTE
    ../clib/signal.c                         0x00000000   Number         0  defsig_pvfn_inner.o ABSOLUTE
    ../clib/signal.c                         0x00000000   Number         0  defsig_rtmem_outer.o ABSOLUTE
    ../clib/signal.c                         0x00000000   Number         0  defsig_rtred_formal.o ABSOLUTE
    ../clib/signal.c                         0x00000000   Number         0  defsig_rtred_outer.o ABSOLUTE
    ../clib/signal.c                         0x00000000   Number         0  defsig_fpe_inner.o ABSOLUTE
    ../clib/signal.s                         0x00000000   Number         0  defsig.o ABSOLUTE
    ../clib/stdio.c                          0x00000000   Number         0  streamlock.o ABSOLUTE
    ../clib/stdio.c                          0x00000000   Number         0  setvbuf.o ABSOLUTE
    ../clib/stdio.c                          0x00000000   Number         0  flsbuf.o ABSOLUTE
    ../clib/stdio.c                          0x00000000   Number         0  fopen_locked.o ABSOLUTE
    ../clib/stdio.c                          0x00000000   Number         0  initio.o ABSOLUTE
    ../clib/stdio.c                          0x00000000   Number         0  fputc_locked.o ABSOLUTE
    ../clib/stdio.c                          0x00000000   Number         0  ferror_locked.o ABSOLUTE
    ../clib/stdio.c                          0x00000000   Number         0  fputc.o ABSOLUTE
    ../clib/stdio.c                          0x00000000   Number         0  fwritefast_locked.o ABSOLUTE
    ../clib/stdio.c                          0x00000000   Number         0  fwritefast.o ABSOLUTE
    ../clib/stdio.c                          0x00000000   Number         0  stdio.o ABSOLUTE
    ../clib/stdio.c                          0x00000000   Number         0  fflush_locked.o ABSOLUTE
    ../clib/stdio.c                          0x00000000   Number         0  fseek.o ABSOLUTE
    ../clib/stdio.c                          0x00000000   Number         0  fputs_locked.o ABSOLUTE
    ../clib/stdio.c                          0x00000000   Number         0  ftell.o ABSOLUTE
    ../clib/stdio.c                          0x00000000   Number         0  fflush.o ABSOLUTE
    ../clib/stdio.c                          0x00000000   Number         0  fputs.o ABSOLUTE
    ../clib/stdio.c                          0x00000000   Number         0  stdio_streams.o ABSOLUTE
    ../clib/stdio.c                          0x00000000   Number         0  initio_locked.o ABSOLUTE
    ../clib/stdio.c                          0x00000000   Number         0  ferror.o ABSOLUTE
    ../clib/stdio.c                          0x00000000   Number         0  setvbuf_locked.o ABSOLUTE
    ../clib/stdio.c                          0x00000000   Number         0  fclose.o ABSOLUTE
    ../clib/stdio.c                          0x00000000   Number         0  fopen.o ABSOLUTE
    ../clib/stdlib.c                         0x00000000   Number         0  exit.o ABSOLUTE
    ../clib/string.c                         0x00000000   Number         0  strlen.o ABSOLUTE
    ../clib/wchar.c                          0x00000000   Number         0  flsbuf_fwide.o ABSOLUTE
    ../fplib/dretinf.s                       0x00000000   Number         0  dretinf.o ABSOLUTE
    ../fplib/f2d.s                           0x00000000   Number         0  f2d.o ABSOLUTE
    ../fplib/fdiv.s                          0x00000000   Number         0  fdiv.o ABSOLUTE
    ../fplib/fflt.s                          0x00000000   Number         0  fflt_clz.o ABSOLUTE
    ../fplib/fnaninf.s                       0x00000000   Number         0  fnaninf.o ABSOLUTE
    ../fplib/fpinit.s                        0x00000000   Number         0  fpinit.o ABSOLUTE
    ../fplib/fretinf.s                       0x00000000   Number         0  fretinf.o ABSOLUTE
    ../fplib/istatus.s                       0x00000000   Number         0  istatus.o ABSOLUTE
    ../fplib/printf1.s                       0x00000000   Number         0  printf1.o ABSOLUTE
    ../fplib/usenofp.s                       0x00000000   Number         0  usenofp.o ABSOLUTE
    ../mathlib/fpclassify.c                  0x00000000   Number         0  fpclassify.o ABSOLUTE
    ..\CORE\core_cm3.c                       0x00000000   Number         0  core_cm3.o ABSOLUTE
    ..\CORE\startup_stm32f10x_hd.s           0x00000000   Number         0  startup_stm32f10x_hd.o ABSOLUTE
    ..\HARDWARE\HCSR04\hcsr.c                0x00000000   Number         0  hcsr.o ABSOLUTE
    ..\HARDWARE\LED\led.c                    0x00000000   Number         0  led.o ABSOLUTE
    ..\HARDWARE\USART\myus.c                 0x00000000   Number         0  myus.o ABSOLUTE
    ..\STM32F10x_FWLib\src\misc.c            0x00000000   Number         0  misc.o ABSOLUTE
    ..\STM32F10x_FWLib\src\stm32f10x_adc.c   0x00000000   Number         0  stm32f10x_adc.o ABSOLUTE
    ..\STM32F10x_FWLib\src\stm32f10x_bkp.c   0x00000000   Number         0  stm32f10x_bkp.o ABSOLUTE
    ..\STM32F10x_FWLib\src\stm32f10x_can.c   0x00000000   Number         0  stm32f10x_can.o ABSOLUTE
    ..\STM32F10x_FWLib\src\stm32f10x_cec.c   0x00000000   Number         0  stm32f10x_cec.o ABSOLUTE
    ..\STM32F10x_FWLib\src\stm32f10x_crc.c   0x00000000   Number         0  stm32f10x_crc.o ABSOLUTE
    ..\STM32F10x_FWLib\src\stm32f10x_dac.c   0x00000000   Number         0  stm32f10x_dac.o ABSOLUTE
    ..\STM32F10x_FWLib\src\stm32f10x_dbgmcu.c 0x00000000   Number         0  stm32f10x_dbgmcu.o ABSOLUTE
    ..\STM32F10x_FWLib\src\stm32f10x_dma.c   0x00000000   Number         0  stm32f10x_dma.o ABSOLUTE
    ..\STM32F10x_FWLib\src\stm32f10x_exti.c  0x00000000   Number         0  stm32f10x_exti.o ABSOLUTE
    ..\STM32F10x_FWLib\src\stm32f10x_flash.c 0x00000000   Number         0  stm32f10x_flash.o ABSOLUTE
    ..\STM32F10x_FWLib\src\stm32f10x_fsmc.c  0x00000000   Number         0  stm32f10x_fsmc.o ABSOLUTE
    ..\STM32F10x_FWLib\src\stm32f10x_gpio.c  0x00000000   Number         0  stm32f10x_gpio.o ABSOLUTE
    ..\STM32F10x_FWLib\src\stm32f10x_i2c.c   0x00000000   Number         0  stm32f10x_i2c.o ABSOLUTE
    ..\STM32F10x_FWLib\src\stm32f10x_iwdg.c  0x00000000   Number         0  stm32f10x_iwdg.o ABSOLUTE
    ..\STM32F10x_FWLib\src\stm32f10x_pwr.c   0x00000000   Number         0  stm32f10x_pwr.o ABSOLUTE
    ..\STM32F10x_FWLib\src\stm32f10x_rcc.c   0x00000000   Number         0  stm32f10x_rcc.o ABSOLUTE
    ..\STM32F10x_FWLib\src\stm32f10x_rtc.c   0x00000000   Number         0  stm32f10x_rtc.o ABSOLUTE
    ..\STM32F10x_FWLib\src\stm32f10x_sdio.c  0x00000000   Number         0  stm32f10x_sdio.o ABSOLUTE
    ..\STM32F10x_FWLib\src\stm32f10x_spi.c   0x00000000   Number         0  stm32f10x_spi.o ABSOLUTE
    ..\STM32F10x_FWLib\src\stm32f10x_tim.c   0x00000000   Number         0  stm32f10x_tim.o ABSOLUTE
    ..\STM32F10x_FWLib\src\stm32f10x_usart.c 0x00000000   Number         0  stm32f10x_usart.o ABSOLUTE
    ..\STM32F10x_FWLib\src\stm32f10x_wwdg.c  0x00000000   Number         0  stm32f10x_wwdg.o ABSOLUTE
    ..\SYSTEM\delay\delay.c                  0x00000000   Number         0  delay.o ABSOLUTE
    ..\SYSTEM\sys\sys.c                      0x00000000   Number         0  sys.o ABSOLUTE
    ..\\CORE\\core_cm3.c                     0x00000000   Number         0  core_cm3.o ABSOLUTE
    ..\\SYSTEM\\sys\\sys.c                   0x00000000   Number         0  sys.o ABSOLUTE
    dc.s                                     0x00000000   Number         0  dc.o ABSOLUTE
    main.c                                   0x00000000   Number         0  main.o ABSOLUTE
    stm32f10x_it.c                           0x00000000   Number         0  stm32f10x_it.o ABSOLUTE
    system_stm32f10x.c                       0x00000000   Number         0  system_stm32f10x.o ABSOLUTE
    RESET                                    0x08000000   Section      304  startup_stm32f10x_hd.o(RESET)
    !!!main                                  0x08000130   Section        8  __main.o(!!!main)
    !!!scatter                               0x08000138   Section       52  __scatter.o(!!!scatter)
    !!handler_copy                           0x0800016c   Section       26  __scatter_copy.o(!!handler_copy)
    !!handler_zi                             0x08000188   Section       28  __scatter_zi.o(!!handler_zi)
    .ARM.Collect$$_printf_percent$$00000000  0x080001a4   Section        0  _printf_percent.o(.ARM.Collect$$_printf_percent$$00000000)
    .ARM.Collect$$_printf_percent$$00000003  0x080001a4   Section        6  _printf_f.o(.ARM.Collect$$_printf_percent$$00000003)
    .ARM.Collect$$_printf_percent$$00000017  0x080001aa   Section        4  _printf_percent_end.o(.ARM.Collect$$_printf_percent$$00000017)
    .ARM.Collect$$libinit$$00000000          0x080001ae   Section        2  libinit.o(.ARM.Collect$$libinit$$00000000)
    .ARM.Collect$$libinit$$00000002          0x080001b0   Section        0  libinit2.o(.ARM.Collect$$libinit$$00000002)
    .ARM.Collect$$libinit$$00000003          0x080001b0   Section        8  libinit2.o(.ARM.Collect$$libinit$$00000003)
    .ARM.Collect$$libinit$$00000008          0x080001b8   Section        0  libinit2.o(.ARM.Collect$$libinit$$00000008)
    .ARM.Collect$$libinit$$0000000A          0x080001b8   Section        0  libinit2.o(.ARM.Collect$$libinit$$0000000A)
    .ARM.Collect$$libinit$$0000000C          0x080001b8   Section        0  libinit2.o(.ARM.Collect$$libinit$$0000000C)
    .ARM.Collect$$libinit$$0000000D          0x080001b8   Section        6  libinit2.o(.ARM.Collect$$libinit$$0000000D)
    .ARM.Collect$$libinit$$0000000F          0x080001be   Section        0  libinit2.o(.ARM.Collect$$libinit$$0000000F)
    .ARM.Collect$$libinit$$00000011          0x080001be   Section        0  libinit2.o(.ARM.Collect$$libinit$$00000011)
    .ARM.Collect$$libinit$$00000013          0x080001be   Section        0  libinit2.o(.ARM.Collect$$libinit$$00000013)
    .ARM.Collect$$libinit$$00000014          0x080001be   Section       10  libinit2.o(.ARM.Collect$$libinit$$00000014)
    .ARM.Collect$$libinit$$00000015          0x080001c8   Section        0  libinit2.o(.ARM.Collect$$libinit$$00000015)
    .ARM.Collect$$libinit$$00000017          0x080001c8   Section        0  libinit2.o(.ARM.Collect$$libinit$$00000017)
    .ARM.Collect$$libinit$$00000019          0x080001c8   Section        0  libinit2.o(.ARM.Collect$$libinit$$00000019)
    .ARM.Collect$$libinit$$0000001B          0x080001c8   Section        0  libinit2.o(.ARM.Collect$$libinit$$0000001B)
    .ARM.Collect$$libinit$$0000001D          0x080001c8   Section        0  libinit2.o(.ARM.Collect$$libinit$$0000001D)
    .ARM.Collect$$libinit$$0000001F          0x080001c8   Section        0  libinit2.o(.ARM.Collect$$libinit$$0000001F)
    .ARM.Collect$$libinit$$00000021          0x080001c8   Section        0  libinit2.o(.ARM.Collect$$libinit$$00000021)
    .ARM.Collect$$libinit$$00000022          0x080001c8   Section        4  libinit2.o(.ARM.Collect$$libinit$$00000022)
    .ARM.Collect$$libinit$$00000023          0x080001cc   Section        0  libinit2.o(.ARM.Collect$$libinit$$00000023)
    .ARM.Collect$$libinit$$0000002A          0x080001cc   Section        0  libinit2.o(.ARM.Collect$$libinit$$0000002A)
    .ARM.Collect$$libinit$$0000002C          0x080001cc   Section        0  libinit2.o(.ARM.Collect$$libinit$$0000002C)
    .ARM.Collect$$libinit$$0000002E          0x080001cc   Section        0  libinit2.o(.ARM.Collect$$libinit$$0000002E)
    .ARM.Collect$$libinit$$00000030          0x080001cc   Section        0  libinit2.o(.ARM.Collect$$libinit$$00000030)
    .ARM.Collect$$libinit$$00000031          0x080001cc   Section        2  libinit2.o(.ARM.Collect$$libinit$$00000031)
    .ARM.Collect$$libshutdown$$00000000      0x080001ce   Section        2  libshutdown.o(.ARM.Collect$$libshutdown$$00000000)
    .ARM.Collect$$libshutdown$$00000002      0x080001d0   Section        4  libshutdown2.o(.ARM.Collect$$libshutdown$$00000002)
    .ARM.Collect$$libshutdown$$00000003      0x080001d4   Section        0  libshutdown2.o(.ARM.Collect$$libshutdown$$00000003)
    .ARM.Collect$$libshutdown$$00000006      0x080001d4   Section        0  libshutdown2.o(.ARM.Collect$$libshutdown$$00000006)
    .ARM.Collect$$libshutdown$$00000009      0x080001d4   Section        0  libshutdown2.o(.ARM.Collect$$libshutdown$$00000009)
    .ARM.Collect$$libshutdown$$0000000B      0x080001d4   Section        0  libshutdown2.o(.ARM.Collect$$libshutdown$$0000000B)
    .ARM.Collect$$libshutdown$$0000000E      0x080001d4   Section        0  libshutdown2.o(.ARM.Collect$$libshutdown$$0000000E)
    .ARM.Collect$$libshutdown$$0000000F      0x080001d4   Section        2  libshutdown2.o(.ARM.Collect$$libshutdown$$0000000F)
    .ARM.Collect$$rtentry$$00000000          0x080001d6   Section        0  rtentry.o(.ARM.Collect$$rtentry$$00000000)
    .ARM.Collect$$rtentry$$00000002          0x080001d6   Section        0  rtentry2.o(.ARM.Collect$$rtentry$$00000002)
    .ARM.Collect$$rtentry$$00000004          0x080001d6   Section        6  rtentry4.o(.ARM.Collect$$rtentry$$00000004)
    .ARM.Collect$$rtentry$$00000009          0x080001dc   Section        0  rtentry2.o(.ARM.Collect$$rtentry$$00000009)
    .ARM.Collect$$rtentry$$0000000A          0x080001dc   Section        4  rtentry2.o(.ARM.Collect$$rtentry$$0000000A)
    .ARM.Collect$$rtentry$$0000000C          0x080001e0   Section        0  rtentry2.o(.ARM.Collect$$rtentry$$0000000C)
    .ARM.Collect$$rtentry$$0000000D          0x080001e0   Section        8  rtentry2.o(.ARM.Collect$$rtentry$$0000000D)
    .ARM.Collect$$rtexit$$00000000           0x080001e8   Section        2  rtexit.o(.ARM.Collect$$rtexit$$00000000)
    .ARM.Collect$$rtexit$$00000002           0x080001ea   Section        0  rtexit2.o(.ARM.Collect$$rtexit$$00000002)
    .ARM.Collect$$rtexit$$00000003           0x080001ea   Section        4  rtexit2.o(.ARM.Collect$$rtexit$$00000003)
    .ARM.Collect$$rtexit$$00000004           0x080001ee   Section        6  rtexit2.o(.ARM.Collect$$rtexit$$00000004)
    .emb_text                                0x080001f4   Section        0  maybetermalloc1.o(.emb_text)
    .text                                    0x080001f4   Section       64  startup_stm32f10x_hd.o(.text)
    .text                                    0x08000234   Section        0  noretval__2printf.o(.text)
    .text                                    0x0800024c   Section        0  _printf_pad.o(.text)
    .text                                    0x0800029a   Section        0  __printf_wp.o(.text)
    .text                                    0x080003a8   Section        0  heapauxi.o(.text)
    .text                                    0x080003ae   Section        0  _printf_fp_dec.o(.text)
    _fp_digits                               0x080003b1   Thumb Code   428  _printf_fp_dec.o(.text)
    .text                                    0x080007c4   Section        0  _printf_char_file.o(.text)
    .text                                    0x080007e8   Section        8  rt_locale_intlibspace.o(.text)
    .text                                    0x080007f0   Section      138  lludiv10.o(.text)
    .text                                    0x0800087c   Section        0  _printf_char_common.o(.text)
    _printf_input_char                       0x0800087d   Thumb Code    10  _printf_char_common.o(.text)
    .text                                    0x080008ac   Section        0  _printf_fp_infnan.o(.text)
    .text                                    0x0800092c   Section        0  bigflt0.o(.text)
    .text                                    0x08000a04   Section        0  ferror.o(.text)
    .text                                    0x08000a0c   Section        0  initio.o(.text)
    .text                                    0x08000b44   Section        0  sys_io.o(.text)
    .text                                    0x08000bac   Section        8  libspace.o(.text)
    .text                                    0x08000bb4   Section       74  sys_stackheap_outer.o(.text)
    .text                                    0x08000bfe   Section        0  h1_free.o(.text)
    .text                                    0x08000c4c   Section        0  flsbuf.o(.text)
    .text                                    0x08000e22   Section        0  setvbuf.o(.text)
    .text                                    0x08000e68   Section        0  fopen.o(.text)
    _freopen_locked                          0x08000e69   Thumb Code     0  fopen.o(.text)
    .text                                    0x08000f54   Section        0  fclose.o(.text)
    .text                                    0x08000fa0   Section        0  exit.o(.text)
    .text                                    0x08000fac   Section        0  defsig_rtred_outer.o(.text)
    .text                                    0x08000fba   Section       78  rt_memclr_w.o(.text)
    .text                                    0x08001008   Section      128  strcmpv7m.o(.text)
    .text                                    0x08001088   Section        2  use_no_semi.o(.text)
    .text                                    0x0800108a   Section        0  indicate_semi.o(.text)
    .text                                    0x0800108c   Section        8  rt_heap_descriptor_intlibspace.o(.text)
    .text                                    0x08001094   Section        0  hguard.o(.text)
    .text                                    0x08001098   Section        0  init_alloc.o(.text)
    .text                                    0x08001122   Section        0  h1_alloc.o(.text)
    .text                                    0x08001180   Section        0  fseek.o(.text)
    .text                                    0x08001278   Section        0  stdio.o(.text)
    .text                                    0x08001368   Section        0  defsig_exit.o(.text)
    .text                                    0x08001374   Section        0  defsig_rtred_inner.o(.text)
    .text                                    0x080013a8   Section        0  strlen.o(.text)
    .text                                    0x080013e8   Section        0  sys_exit.o(.text)
    .text                                    0x080013f4   Section        0  h1_init.o(.text)
    .text                                    0x08001402   Section        0  h1_extend.o(.text)
    .text                                    0x08001436   Section        0  ftell.o(.text)
    .text                                    0x08001478   Section        0  defsig_general.o(.text)
    .text                                    0x080014aa   Section        0  defsig_rtmem_outer.o(.text)
    .text                                    0x080014b8   Section        0  sys_wrch.o(.text)
    .text                                    0x080014c8   Section        8  rt_errno_addr_intlibspace.o(.text)
    .text                                    0x080014d0   Section        0  defsig_rtmem_inner.o(.text)
    CL$$btod_d2e                             0x08001520   Section       62  btod.o(CL$$btod_d2e)
    CL$$btod_d2e_denorm_low                  0x0800155e   Section       70  btod.o(CL$$btod_d2e_denorm_low)
    CL$$btod_d2e_norm_op1                    0x080015a4   Section       96  btod.o(CL$$btod_d2e_norm_op1)
    CL$$btod_div_common                      0x08001604   Section      824  btod.o(CL$$btod_div_common)
    CL$$btod_e2e                             0x0800193c   Section      198  btod.o(CL$$btod_e2e)
    CL$$btod_ediv                            0x08001a02   Section       40  btod.o(CL$$btod_ediv)
    CL$$btod_emul                            0x08001a2a   Section       40  btod.o(CL$$btod_emul)
    CL$$btod_mult_common                     0x08001a52   Section      580  btod.o(CL$$btod_mult_common)
    i.BusFault_Handler                       0x08001c96   Section        0  stm32f10x_it.o(i.BusFault_Handler)
    i.DebugMon_Handler                       0x08001c9a   Section        0  stm32f10x_it.o(i.DebugMon_Handler)
    i.Distance                               0x08001c9c   Section        0  hcsr.o(i.Distance)
    i.GPIO_Init                              0x08001d14   Section        0  stm32f10x_gpio.o(i.GPIO_Init)
    i.GPIO_ReadInputDataBit                  0x08001e2a   Section        0  stm32f10x_gpio.o(i.GPIO_ReadInputDataBit)
    i.GPIO_ResetBits                         0x08001e3c   Section        0  stm32f10x_gpio.o(i.GPIO_ResetBits)
    i.GPIO_SetBits                           0x08001e40   Section        0  stm32f10x_gpio.o(i.GPIO_SetBits)
    i.HardFault_Handler                      0x08001e44   Section        0  stm32f10x_it.o(i.HardFault_Handler)
    i.MemManage_Handler                      0x08001e48   Section        0  stm32f10x_it.o(i.MemManage_Handler)
    i.My_CSB_Init                            0x08001e4c   Section        0  hcsr.o(i.My_CSB_Init)
    i.My_LED_Init                            0x08001ef0   Section        0  led.o(i.My_LED_Init)
    i.My_US_Init                             0x08001f24   Section        0  myus.o(i.My_US_Init)
    i.NMI_Handler                            0x08001fd0   Section        0  stm32f10x_it.o(i.NMI_Handler)
    i.NVIC_Init                              0x08001fd4   Section        0  misc.o(i.NVIC_Init)
    i.NVIC_PriorityGroupConfig               0x08002044   Section        0  misc.o(i.NVIC_PriorityGroupConfig)
    i.PendSV_Handler                         0x08002058   Section        0  stm32f10x_it.o(i.PendSV_Handler)
    i.RCC_APB1PeriphClockCmd                 0x0800205c   Section        0  stm32f10x_rcc.o(i.RCC_APB1PeriphClockCmd)
    i.RCC_APB2PeriphClockCmd                 0x0800207c   Section        0  stm32f10x_rcc.o(i.RCC_APB2PeriphClockCmd)
    i.RCC_GetClocksFreq                      0x0800209c   Section        0  stm32f10x_rcc.o(i.RCC_GetClocksFreq)
    i.SVC_Handler                            0x08002170   Section        0  stm32f10x_it.o(i.SVC_Handler)
    i.SetSysClock                            0x08002172   Section        0  system_stm32f10x.o(i.SetSysClock)
    SetSysClock                              0x08002173   Thumb Code     8  system_stm32f10x.o(i.SetSysClock)
    i.SetSysClockTo72                        0x0800217c   Section        0  system_stm32f10x.o(i.SetSysClockTo72)
    SetSysClockTo72                          0x0800217d   Thumb Code   214  system_stm32f10x.o(i.SetSysClockTo72)
    i.SysTick_CLKSourceConfig                0x0800225c   Section        0  misc.o(i.SysTick_CLKSourceConfig)
    i.SysTick_Handler                        0x08002284   Section        0  stm32f10x_it.o(i.SysTick_Handler)
    i.SystemInit                             0x08002288   Section        0  system_stm32f10x.o(i.SystemInit)
    i.TIM2_IRQHandler                        0x080022e8   Section        0  hcsr.o(i.TIM2_IRQHandler)
    i.TIM_ClearITPendingBit                  0x0800230c   Section        0  stm32f10x_tim.o(i.TIM_ClearITPendingBit)
    i.TIM_Cmd                                0x08002312   Section        0  stm32f10x_tim.o(i.TIM_Cmd)
    i.TIM_GetITStatus                        0x0800232a   Section        0  stm32f10x_tim.o(i.TIM_GetITStatus)
    i.TIM_ITConfig                           0x0800234c   Section        0  stm32f10x_tim.o(i.TIM_ITConfig)
    i.TIM_TimeBaseInit                       0x08002360   Section        0  stm32f10x_tim.o(i.TIM_TimeBaseInit)
    i.USART1_IRQHandler                      0x08002404   Section        0  myus.o(i.USART1_IRQHandler)
    i.USART_Cmd                              0x08002428   Section        0  stm32f10x_usart.o(i.USART_Cmd)
    i.USART_GetITStatus                      0x08002440   Section        0  stm32f10x_usart.o(i.USART_GetITStatus)
    i.USART_ITConfig                         0x08002494   Section        0  stm32f10x_usart.o(i.USART_ITConfig)
    i.USART_Init                             0x080024e0   Section        0  stm32f10x_usart.o(i.USART_Init)
    i.USART_ReceiveData                      0x080025b8   Section        0  stm32f10x_usart.o(i.USART_ReceiveData)
    i.USART_SendData                         0x080025c2   Section        0  stm32f10x_usart.o(i.USART_SendData)
    i.UsageFault_Handler                     0x080025ca   Section        0  stm32f10x_it.o(i.UsageFault_Handler)
    i.__ARM_fpclassify                       0x080025ce   Section        0  fpclassify.o(i.__ARM_fpclassify)
    i._is_digit                              0x080025f6   Section        0  __printf_wp.o(i._is_digit)
    i.delay_init                             0x08002604   Section        0  delay.o(i.delay_init)
    i.delay_us                               0x08002648   Section        0  delay.o(i.delay_us)
    i.fputc                                  0x08002694   Section        0  fputc.o(i.fputc)
    i.main                                   0x080026b0   Section        0  main.o(i.main)
    locale$$code                             0x080026f0   Section       44  lc_numeric_c.o(locale$$code)
    x$fpl$dretinf                            0x0800271c   Section       12  dretinf.o(x$fpl$dretinf)
    x$fpl$f2d                                0x08002728   Section       86  f2d.o(x$fpl$f2d)
    x$fpl$fdiv                               0x08002780   Section      388  fdiv.o(x$fpl$fdiv)
    _fdiv1                                   0x08002781   Thumb Code     0  fdiv.o(x$fpl$fdiv)
    x$fpl$fflt                               0x08002904   Section       48  fflt_clz.o(x$fpl$fflt)
    x$fpl$fnaninf                            0x08002934   Section      140  fnaninf.o(x$fpl$fnaninf)
    x$fpl$fretinf                            0x080029c0   Section       10  fretinf.o(x$fpl$fretinf)
    x$fpl$printf1                            0x080029ca   Section        4  printf1.o(x$fpl$printf1)
    x$fpl$usenofp                            0x080029ce   Section        0  usenofp.o(x$fpl$usenofp)
    .constdata                               0x080029d0   Section      148  bigflt0.o(.constdata)
    tenpwrs_x                                0x080029d0   Data          60  bigflt0.o(.constdata)
    tenpwrs_i                                0x08002a0c   Data          64  bigflt0.o(.constdata)
    .constdata                               0x08002a64   Section        4  sys_io.o(.constdata)
    .constdata                               0x08002a68   Section        4  sys_io.o(.constdata)
    .constdata                               0x08002a6c   Section        4  sys_io.o(.constdata)
    locale$$data                             0x08002a90   Section       28  lc_numeric_c.o(locale$$data)
    __lcnum_c_name                           0x08002a94   Data           2  lc_numeric_c.o(locale$$data)
    __lcnum_c_start                          0x08002a9c   Data           0  lc_numeric_c.o(locale$$data)
    __lcnum_c_point                          0x08002aa8   Data           0  lc_numeric_c.o(locale$$data)
    __lcnum_c_thousands                      0x08002aaa   Data           0  lc_numeric_c.o(locale$$data)
    __lcnum_c_grouping                       0x08002aab   Data           0  lc_numeric_c.o(locale$$data)
    __lcnum_c_end                            0x08002aac   Data           0  lc_numeric_c.o(locale$$data)
    .data                                    0x20000000   Section       20  system_stm32f10x.o(.data)
    .data                                    0x20000014   Section        4  delay.o(.data)
    fac_us                                   0x20000014   Data           1  delay.o(.data)
    fac_ms                                   0x20000016   Data           2  delay.o(.data)
    .data                                    0x20000018   Section       20  stm32f10x_rcc.o(.data)
    APBAHBPrescTable                         0x20000018   Data          16  stm32f10x_rcc.o(.data)
    ADCPrescTable                            0x20000028   Data           4  stm32f10x_rcc.o(.data)
    .data                                    0x2000002c   Section       12  hcsr.o(.data)
    .data                                    0x20000038   Section        4  stdio_streams.o(.data)
    .data                                    0x2000003c   Section        4  stdio_streams.o(.data)
    .data                                    0x20000040   Section        4  stdio_streams.o(.data)
    .bss                                     0x20000044   Section       84  stdio_streams.o(.bss)
    .bss                                     0x20000098   Section       84  stdio_streams.o(.bss)
    .bss                                     0x200000ec   Section       84  stdio_streams.o(.bss)
    .bss                                     0x20000140   Section       96  libspace.o(.bss)
    HEAP                                     0x200001a0   Section      512  startup_stm32f10x_hd.o(HEAP)
    Heap_Mem                                 0x200001a0   Data         512  startup_stm32f10x_hd.o(HEAP)
    STACK                                    0x200003a0   Section     1024  startup_stm32f10x_hd.o(STACK)
    Stack_Mem                                0x200003a0   Data        1024  startup_stm32f10x_hd.o(STACK)
    __initial_sp                             0x200007a0   Data           0  startup_stm32f10x_hd.o(STACK)

    Global Symbols

    Symbol Name                              Value     Ov Type        Size  Object(Section)

    BuildAttributes$$THM_ISAv4$P$D$K$B$S$PE$A:L22UL41UL21$X:L11$S22US41US21$IEEE1$IW$USESV6$~STKCKD$USESV7$~SHL$OTIME$ROPI$IEEEJ$EBA8$UX$STANDARDLIB$REQ8$PRES8$EABIv2 0x00000000   Number         0  anon$$obj.o ABSOLUTE
    __ARM_use_no_argv                        0x00000000   Number         0  main.o ABSOLUTE
    _printf_flags                            0x00000000   Number         0  printf_stubs.o ABSOLUTE
    _printf_return_value                     0x00000000   Number         0  printf_stubs.o ABSOLUTE
    _printf_sizespec                         0x00000000   Number         0  printf_stubs.o ABSOLUTE
    _printf_widthprec                        0x00000000   Number         0  printf_stubs.o ABSOLUTE
    __ARM_exceptions_init                     - Undefined Weak Reference
    __alloca_initialize                       - Undefined Weak Reference
    __cpp_initialize__aeabi_                  - Undefined Weak Reference
    __cxa_finalize                            - Undefined Weak Reference
    __sigvec_lookup                           - Undefined Weak Reference
    __user_heap_extent                        - Undefined Weak Reference
    _atexit_init                              - Undefined Weak Reference
    _call_atexit_fns                          - Undefined Weak Reference
    _clock_init                               - Undefined Weak Reference
    _fp_trap_init                             - Undefined Weak Reference
    _fp_trap_shutdown                         - Undefined Weak Reference
    _get_lc_collate                           - Undefined Weak Reference
    _get_lc_ctype                             - Undefined Weak Reference
    _get_lc_monetary                          - Undefined Weak Reference
    _get_lc_time                              - Undefined Weak Reference
    _getenv_init                              - Undefined Weak Reference
    _handle_redirection                       - Undefined Weak Reference
    _mutex_acquire                            - Undefined Weak Reference
    _mutex_free                               - Undefined Weak Reference
    _mutex_release                            - Undefined Weak Reference
    _rand_init                                - Undefined Weak Reference
    _signal_finish                            - Undefined Weak Reference
    _signal_init                              - Undefined Weak Reference
    __Vectors_Size                           0x00000130   Number         0  startup_stm32f10x_hd.o ABSOLUTE
    __Vectors                                0x08000000   Data           4  startup_stm32f10x_hd.o(RESET)
    __Vectors_End                            0x08000130   Data           0  startup_stm32f10x_hd.o(RESET)
    __main                                   0x08000131   Thumb Code     8  __main.o(!!!main)
    __scatterload                            0x08000139   Thumb Code     0  __scatter.o(!!!scatter)
    __scatterload_rt2                        0x08000139   Thumb Code    44  __scatter.o(!!!scatter)
    __scatterload_rt2_thumb_only             0x08000139   Thumb Code     0  __scatter.o(!!!scatter)
    __scatterload_null                       0x08000147   Thumb Code     0  __scatter.o(!!!scatter)
    __scatterload_copy                       0x0800016d   Thumb Code    26  __scatter_copy.o(!!handler_copy)
    __scatterload_zeroinit                   0x08000189   Thumb Code    28  __scatter_zi.o(!!handler_zi)
    _printf_f                                0x080001a5   Thumb Code     0  _printf_f.o(.ARM.Collect$$_printf_percent$$00000003)
    _printf_percent                          0x080001a5   Thumb Code     0  _printf_percent.o(.ARM.Collect$$_printf_percent$$00000000)
    _printf_percent_end                      0x080001ab   Thumb Code     0  _printf_percent_end.o(.ARM.Collect$$_printf_percent$$00000017)
    __rt_lib_init                            0x080001af   Thumb Code     0  libinit.o(.ARM.Collect$$libinit$$00000000)
    __rt_lib_init_fp_1                       0x080001b1   Thumb Code     0  libinit2.o(.ARM.Collect$$libinit$$00000002)
    __rt_lib_init_heap_2                     0x080001b1   Thumb Code     0  libinit2.o(.ARM.Collect$$libinit$$00000003)
    __rt_lib_init_heap_1                     0x080001b9   Thumb Code     0  libinit2.o(.ARM.Collect$$libinit$$00000008)
    __rt_lib_init_lc_common                  0x080001b9   Thumb Code     0  libinit2.o(.ARM.Collect$$libinit$$0000000D)
    __rt_lib_init_rand_1                     0x080001b9   Thumb Code     0  libinit2.o(.ARM.Collect$$libinit$$0000000C)
    __rt_lib_init_user_alloc_1               0x080001b9   Thumb Code     0  libinit2.o(.ARM.Collect$$libinit$$0000000A)
    __rt_lib_init_lc_collate_1               0x080001bf   Thumb Code     0  libinit2.o(.ARM.Collect$$libinit$$0000000F)
    __rt_lib_init_lc_ctype_1                 0x080001bf   Thumb Code     0  libinit2.o(.ARM.Collect$$libinit$$00000011)
    __rt_lib_init_lc_monetary_1              0x080001bf   Thumb Code     0  libinit2.o(.ARM.Collect$$libinit$$00000013)
    __rt_lib_init_lc_numeric_2               0x080001bf   Thumb Code     0  libinit2.o(.ARM.Collect$$libinit$$00000014)
    __rt_lib_init_atexit_1                   0x080001c9   Thumb Code     0  libinit2.o(.ARM.Collect$$libinit$$00000019)
    __rt_lib_init_clock_1                    0x080001c9   Thumb Code     0  libinit2.o(.ARM.Collect$$libinit$$0000001F)
    __rt_lib_init_fp_trap_1                  0x080001c9   Thumb Code     0  libinit2.o(.ARM.Collect$$libinit$$0000001D)
    __rt_lib_init_getenv_1                   0x080001c9   Thumb Code     0  libinit2.o(.ARM.Collect$$libinit$$00000021)
    __rt_lib_init_lc_numeric_1               0x080001c9   Thumb Code     0  libinit2.o(.ARM.Collect$$libinit$$00000015)
    __rt_lib_init_lc_time_1                  0x080001c9   Thumb Code     0  libinit2.o(.ARM.Collect$$libinit$$00000017)
    __rt_lib_init_signal_1                   0x080001c9   Thumb Code     0  libinit2.o(.ARM.Collect$$libinit$$0000001B)
    __rt_lib_init_stdio_2                    0x080001c9   Thumb Code     0  libinit2.o(.ARM.Collect$$libinit$$00000022)
    __rt_lib_init_alloca_1                   0x080001cd   Thumb Code     0  libinit2.o(.ARM.Collect$$libinit$$0000002C)
    __rt_lib_init_argv_1                     0x080001cd   Thumb Code     0  libinit2.o(.ARM.Collect$$libinit$$0000002A)
    __rt_lib_init_cpp_1                      0x080001cd   Thumb Code     0  libinit2.o(.ARM.Collect$$libinit$$00000030)
    __rt_lib_init_exceptions_1               0x080001cd   Thumb Code     0  libinit2.o(.ARM.Collect$$libinit$$0000002E)
    __rt_lib_init_return                     0x080001cd   Thumb Code     0  libinit2.o(.ARM.Collect$$libinit$$00000031)
    __rt_lib_init_stdio_1                    0x080001cd   Thumb Code     0  libinit2.o(.ARM.Collect$$libinit$$00000023)
    __rt_lib_shutdown                        0x080001cf   Thumb Code     0  libshutdown.o(.ARM.Collect$$libshutdown$$00000000)
    __rt_lib_shutdown_stdio_2                0x080001d1   Thumb Code     0  libshutdown2.o(.ARM.Collect$$libshutdown$$00000002)
    __rt_lib_shutdown_fp_trap_1              0x080001d5   Thumb Code     0  libshutdown2.o(.ARM.Collect$$libshutdown$$00000006)
    __rt_lib_shutdown_heap_1                 0x080001d5   Thumb Code     0  libshutdown2.o(.ARM.Collect$$libshutdown$$0000000E)
    __rt_lib_shutdown_return                 0x080001d5   Thumb Code     0  libshutdown2.o(.ARM.Collect$$libshutdown$$0000000F)
    __rt_lib_shutdown_signal_1               0x080001d5   Thumb Code     0  libshutdown2.o(.ARM.Collect$$libshutdown$$00000009)
    __rt_lib_shutdown_stdio_1                0x080001d5   Thumb Code     0  libshutdown2.o(.ARM.Collect$$libshutdown$$00000003)
    __rt_lib_shutdown_user_alloc_1           0x080001d5   Thumb Code     0  libshutdown2.o(.ARM.Collect$$libshutdown$$0000000B)
    __rt_entry                               0x080001d7   Thumb Code     0  rtentry.o(.ARM.Collect$$rtentry$$00000000)
    __rt_entry_presh_1                       0x080001d7   Thumb Code     0  rtentry2.o(.ARM.Collect$$rtentry$$00000002)
    __rt_entry_sh                            0x080001d7   Thumb Code     0  rtentry4.o(.ARM.Collect$$rtentry$$00000004)
    __rt_entry_li                            0x080001dd   Thumb Code     0  rtentry2.o(.ARM.Collect$$rtentry$$0000000A)
    __rt_entry_postsh_1                      0x080001dd   Thumb Code     0  rtentry2.o(.ARM.Collect$$rtentry$$00000009)
    __rt_entry_main                          0x080001e1   Thumb Code     0  rtentry2.o(.ARM.Collect$$rtentry$$0000000D)
    __rt_entry_postli_1                      0x080001e1   Thumb Code     0  rtentry2.o(.ARM.Collect$$rtentry$$0000000C)
    __rt_exit                                0x080001e9   Thumb Code     0  rtexit.o(.ARM.Collect$$rtexit$$00000000)
    __rt_exit_ls                             0x080001eb   Thumb Code     0  rtexit2.o(.ARM.Collect$$rtexit$$00000003)
    __rt_exit_prels_1                        0x080001eb   Thumb Code     0  rtexit2.o(.ARM.Collect$$rtexit$$00000002)
    __rt_exit_exit                           0x080001ef   Thumb Code     0  rtexit2.o(.ARM.Collect$$rtexit$$00000004)
    Reset_Handler                            0x080001f5   Thumb Code     8  startup_stm32f10x_hd.o(.text)
    _maybe_terminate_alloc                   0x080001f5   Thumb Code     0  maybetermalloc1.o(.emb_text)
    ADC1_2_IRQHandler                        0x0800020f   Thumb Code     0  startup_stm32f10x_hd.o(.text)
    ADC3_IRQHandler                          0x0800020f   Thumb Code     0  startup_stm32f10x_hd.o(.text)
    CAN1_RX1_IRQHandler                      0x0800020f   Thumb Code     0  startup_stm32f10x_hd.o(.text)
    CAN1_SCE_IRQHandler                      0x0800020f   Thumb Code     0  startup_stm32f10x_hd.o(.text)
    DMA1_Channel1_IRQHandler                 0x0800020f   Thumb Code     0  startup_stm32f10x_hd.o(.text)
    DMA1_Channel2_IRQHandler                 0x0800020f   Thumb Code     0  startup_stm32f10x_hd.o(.text)
    DMA1_Channel3_IRQHandler                 0x0800020f   Thumb Code     0  startup_stm32f10x_hd.o(.text)
    DMA1_Channel4_IRQHandler                 0x0800020f   Thumb Code     0  startup_stm32f10x_hd.o(.text)
    DMA1_Channel5_IRQHandler                 0x0800020f   Thumb Code     0  startup_stm32f10x_hd.o(.text)
    DMA1_Channel6_IRQHandler                 0x0800020f   Thumb Code     0  startup_stm32f10x_hd.o(.text)
    DMA1_Channel7_IRQHandler                 0x0800020f   Thumb Code     0  startup_stm32f10x_hd.o(.text)
    DMA2_Channel1_IRQHandler                 0x0800020f   Thumb Code     0  startup_stm32f10x_hd.o(.text)
    DMA2_Channel2_IRQHandler                 0x0800020f   Thumb Code     0  startup_stm32f10x_hd.o(.text)
    DMA2_Channel3_IRQHandler                 0x0800020f   Thumb Code     0  startup_stm32f10x_hd.o(.text)
    DMA2_Channel4_5_IRQHandler               0x0800020f   Thumb Code     0  startup_stm32f10x_hd.o(.text)
    EXTI0_IRQHandler                         0x0800020f   Thumb Code     0  startup_stm32f10x_hd.o(.text)
    EXTI15_10_IRQHandler                     0x0800020f   Thumb Code     0  startup_stm32f10x_hd.o(.text)
    EXTI1_IRQHandler                         0x0800020f   Thumb Code     0  startup_stm32f10x_hd.o(.text)
    EXTI2_IRQHandler                         0x0800020f   Thumb Code     0  startup_stm32f10x_hd.o(.text)
    EXTI3_IRQHandler                         0x0800020f   Thumb Code     0  startup_stm32f10x_hd.o(.text)
    EXTI4_IRQHandler                         0x0800020f   Thumb Code     0  startup_stm32f10x_hd.o(.text)
    EXTI9_5_IRQHandler                       0x0800020f   Thumb Code     0  startup_stm32f10x_hd.o(.text)
    FLASH_IRQHandler                         0x0800020f   Thumb Code     0  startup_stm32f10x_hd.o(.text)
    FSMC_IRQHandler                          0x0800020f   Thumb Code     0  startup_stm32f10x_hd.o(.text)
    I2C1_ER_IRQHandler                       0x0800020f   Thumb Code     0  startup_stm32f10x_hd.o(.text)
    I2C1_EV_IRQHandler                       0x0800020f   Thumb Code     0  startup_stm32f10x_hd.o(.text)
    I2C2_ER_IRQHandler                       0x0800020f   Thumb Code     0  startup_stm32f10x_hd.o(.text)
    I2C2_EV_IRQHandler                       0x0800020f   Thumb Code     0  startup_stm32f10x_hd.o(.text)
    PVD_IRQHandler                           0x0800020f   Thumb Code     0  startup_stm32f10x_hd.o(.text)
    RCC_IRQHandler                           0x0800020f   Thumb Code     0  startup_stm32f10x_hd.o(.text)
    RTCAlarm_IRQHandler                      0x0800020f   Thumb Code     0  startup_stm32f10x_hd.o(.text)
    RTC_IRQHandler                           0x0800020f   Thumb Code     0  startup_stm32f10x_hd.o(.text)
    SDIO_IRQHandler                          0x0800020f   Thumb Code     0  startup_stm32f10x_hd.o(.text)
    SPI1_IRQHandler                          0x0800020f   Thumb Code     0  startup_stm32f10x_hd.o(.text)
    SPI2_IRQHandler                          0x0800020f   Thumb Code     0  startup_stm32f10x_hd.o(.text)
    SPI3_IRQHandler                          0x0800020f   Thumb Code     0  startup_stm32f10x_hd.o(.text)
    TAMPER_IRQHandler                        0x0800020f   Thumb Code     0  startup_stm32f10x_hd.o(.text)
    TIM1_BRK_IRQHandler                      0x0800020f   Thumb Code     0  startup_stm32f10x_hd.o(.text)
    TIM1_CC_IRQHandler                       0x0800020f   Thumb Code     0  startup_stm32f10x_hd.o(.text)
    TIM1_TRG_COM_IRQHandler                  0x0800020f   Thumb Code     0  startup_stm32f10x_hd.o(.text)
    TIM1_UP_IRQHandler                       0x0800020f   Thumb Code     0  startup_stm32f10x_hd.o(.text)
    TIM3_IRQHandler                          0x0800020f   Thumb Code     0  startup_stm32f10x_hd.o(.text)
    TIM4_IRQHandler                          0x0800020f   Thumb Code     0  startup_stm32f10x_hd.o(.text)
    TIM5_IRQHandler                          0x0800020f   Thumb Code     0  startup_stm32f10x_hd.o(.text)
    TIM6_IRQHandler                          0x0800020f   Thumb Code     0  startup_stm32f10x_hd.o(.text)
    TIM7_IRQHandler                          0x0800020f   Thumb Code     0  startup_stm32f10x_hd.o(.text)
    TIM8_BRK_IRQHandler                      0x0800020f   Thumb Code     0  startup_stm32f10x_hd.o(.text)
    TIM8_CC_IRQHandler                       0x0800020f   Thumb Code     0  startup_stm32f10x_hd.o(.text)
    TIM8_TRG_COM_IRQHandler                  0x0800020f   Thumb Code     0  startup_stm32f10x_hd.o(.text)
    TIM8_UP_IRQHandler                       0x0800020f   Thumb Code     0  startup_stm32f10x_hd.o(.text)
    UART4_IRQHandler                         0x0800020f   Thumb Code     0  startup_stm32f10x_hd.o(.text)
    UART5_IRQHandler                         0x0800020f   Thumb Code     0  startup_stm32f10x_hd.o(.text)
    USART2_IRQHandler                        0x0800020f   Thumb Code     0  startup_stm32f10x_hd.o(.text)
    USART3_IRQHandler                        0x0800020f   Thumb Code     0  startup_stm32f10x_hd.o(.text)
    USBWakeUp_IRQHandler                     0x0800020f   Thumb Code     0  startup_stm32f10x_hd.o(.text)
    USB_HP_CAN1_TX_IRQHandler                0x0800020f   Thumb Code     0  startup_stm32f10x_hd.o(.text)
    USB_LP_CAN1_RX0_IRQHandler               0x0800020f   Thumb Code     0  startup_stm32f10x_hd.o(.text)
    WWDG_IRQHandler                          0x0800020f   Thumb Code     0  startup_stm32f10x_hd.o(.text)
    __user_initial_stackheap                 0x08000211   Thumb Code     0  startup_stm32f10x_hd.o(.text)
    __2printf                                0x08000235   Thumb Code    20  noretval__2printf.o(.text)
    _printf_pre_padding                      0x0800024d   Thumb Code    44  _printf_pad.o(.text)
    _printf_post_padding                     0x08000279   Thumb Code    34  _printf_pad.o(.text)
    __printf                                 0x0800029b   Thumb Code   270  __printf_wp.o(.text)
    __use_two_region_memory                  0x080003a9   Thumb Code     2  heapauxi.o(.text)
    __rt_heap_escrow                         0x080003ab   Thumb Code     2  heapauxi.o(.text)
    __rt_heap_expand                         0x080003ad   Thumb Code     2  heapauxi.o(.text)
    __lib_sel_fp_printf                      0x080003af   Thumb Code     2  _printf_fp_dec.o(.text)
    _printf_fp_dec_real                      0x0800055d   Thumb Code   616  _printf_fp_dec.o(.text)
    _printf_char_file                        0x080007c5   Thumb Code    32  _printf_char_file.o(.text)
    __rt_locale                              0x080007e9   Thumb Code     8  rt_locale_intlibspace.o(.text)
    _ll_udiv10                               0x080007f1   Thumb Code   138  lludiv10.o(.text)
    _printf_char_common                      0x08000887   Thumb Code    32  _printf_char_common.o(.text)
    _printf_fp_infnan                        0x080008ad   Thumb Code   112  _printf_fp_infnan.o(.text)
    _btod_etento                             0x0800092d   Thumb Code   212  bigflt0.o(.text)
    ferror                                   0x08000a05   Thumb Code     8  ferror.o(.text)
    _initio                                  0x08000a0d   Thumb Code   210  initio.o(.text)
    _terminateio                             0x08000adf   Thumb Code    56  initio.o(.text)
    _sys_open                                0x08000b45   Thumb Code    20  sys_io.o(.text)
    _sys_close                               0x08000b59   Thumb Code    12  sys_io.o(.text)
    _sys_write                               0x08000b65   Thumb Code    16  sys_io.o(.text)
    _sys_read                                0x08000b75   Thumb Code    14  sys_io.o(.text)
    _sys_istty                               0x08000b83   Thumb Code    12  sys_io.o(.text)
    _sys_seek                                0x08000b8f   Thumb Code    14  sys_io.o(.text)
    _sys_ensure                              0x08000b9d   Thumb Code     2  sys_io.o(.text)
    _sys_flen                                0x08000b9f   Thumb Code    12  sys_io.o(.text)
    __user_libspace                          0x08000bad   Thumb Code     8  libspace.o(.text)
    __user_perproc_libspace                  0x08000bad   Thumb Code     0  libspace.o(.text)
    __user_perthread_libspace                0x08000bad   Thumb Code     0  libspace.o(.text)
    __user_setup_stackheap                   0x08000bb5   Thumb Code    74  sys_stackheap_outer.o(.text)
    free                                     0x08000bff   Thumb Code    78  h1_free.o(.text)
    __flsbuf                                 0x08000c4d   Thumb Code   470  flsbuf.o(.text)
    __flsbuf_byte                            0x08000c4d   Thumb Code     0  flsbuf.o(.text)
    __flsbuf_wide                            0x08000c4d   Thumb Code     0  flsbuf.o(.text)
    setvbuf                                  0x08000e23   Thumb Code    70  setvbuf.o(.text)
    freopen                                  0x08000e69   Thumb Code   158  fopen.o(.text)
    fopen                                    0x08000f07   Thumb Code    74  fopen.o(.text)
    _fclose_internal                         0x08000f55   Thumb Code    76  fclose.o(.text)
    fclose                                   0x08000f55   Thumb Code     0  fclose.o(.text)
    exit                                     0x08000fa1   Thumb Code    12  exit.o(.text)
    __rt_SIGRTRED                            0x08000fad   Thumb Code    14  defsig_rtred_outer.o(.text)
    __aeabi_memclr4                          0x08000fbb   Thumb Code     0  rt_memclr_w.o(.text)
    __aeabi_memclr8                          0x08000fbb   Thumb Code     0  rt_memclr_w.o(.text)
    __rt_memclr_w                            0x08000fbb   Thumb Code    78  rt_memclr_w.o(.text)
    _memset_w                                0x08000fbf   Thumb Code     0  rt_memclr_w.o(.text)
    strcmp                                   0x08001009   Thumb Code   128  strcmpv7m.o(.text)
    __I$use$semihosting                      0x08001089   Thumb Code     0  use_no_semi.o(.text)
    __use_no_semihosting_swi                 0x08001089   Thumb Code     2  use_no_semi.o(.text)
    __semihosting_library_function           0x0800108b   Thumb Code     0  indicate_semi.o(.text)
    __rt_heap_descriptor                     0x0800108d   Thumb Code     8  rt_heap_descriptor_intlibspace.o(.text)
    __use_no_heap                            0x08001095   Thumb Code     2  hguard.o(.text)
    __heap$guard                             0x08001097   Thumb Code     2  hguard.o(.text)
    _terminate_user_alloc                    0x08001099   Thumb Code     2  init_alloc.o(.text)
    _init_user_alloc                         0x0800109b   Thumb Code     2  init_alloc.o(.text)
    __Heap_Full                              0x0800109d   Thumb Code    34  init_alloc.o(.text)
    __Heap_Broken                            0x080010bf   Thumb Code     6  init_alloc.o(.text)
    _init_alloc                              0x080010c5   Thumb Code    94  init_alloc.o(.text)
    malloc                                   0x08001123   Thumb Code    94  h1_alloc.o(.text)
    _fseek                                   0x08001181   Thumb Code   242  fseek.o(.text)
    fseek                                    0x08001181   Thumb Code     0  fseek.o(.text)
    _seterr                                  0x08001279   Thumb Code    20  stdio.o(.text)
    _writebuf                                0x0800128d   Thumb Code    84  stdio.o(.text)
    _fflush                                  0x080012e1   Thumb Code    70  stdio.o(.text)
    _deferredlazyseek                        0x08001327   Thumb Code    60  stdio.o(.text)
    __sig_exit                               0x08001369   Thumb Code    10  defsig_exit.o(.text)
    __rt_SIGRTRED_inner                      0x08001375   Thumb Code    14  defsig_rtred_inner.o(.text)
    strlen                                   0x080013a9   Thumb Code    62  strlen.o(.text)
    _sys_exit                                0x080013e9   Thumb Code     8  sys_exit.o(.text)
    __Heap_Initialize                        0x080013f5   Thumb Code    10  h1_init.o(.text)
    __Heap_DescSize                          0x080013ff   Thumb Code     4  h1_init.o(.text)
    __Heap_ProvideMemory                     0x08001403   Thumb Code    52  h1_extend.o(.text)
    _ftell_internal                          0x08001437   Thumb Code    66  ftell.o(.text)
    ftell                                    0x08001437   Thumb Code     0  ftell.o(.text)
    __default_signal_display                 0x08001479   Thumb Code    50  defsig_general.o(.text)
    __rt_SIGRTMEM                            0x080014ab   Thumb Code    14  defsig_rtmem_outer.o(.text)
    _ttywrch                                 0x080014b9   Thumb Code    14  sys_wrch.o(.text)
    __aeabi_errno_addr                       0x080014c9   Thumb Code     8  rt_errno_addr_intlibspace.o(.text)
    __errno$intlibspace                      0x080014c9   Thumb Code     0  rt_errno_addr_intlibspace.o(.text)
    __rt_errno_addr$intlibspace              0x080014c9   Thumb Code     0  rt_errno_addr_intlibspace.o(.text)
    __rt_SIGRTMEM_inner                      0x080014d1   Thumb Code    22  defsig_rtmem_inner.o(.text)
    _btod_d2e                                0x08001521   Thumb Code    62  btod.o(CL$$btod_d2e)
    _d2e_denorm_low                          0x0800155f   Thumb Code    70  btod.o(CL$$btod_d2e_denorm_low)
    _d2e_norm_op1                            0x080015a5   Thumb Code    96  btod.o(CL$$btod_d2e_norm_op1)
    __btod_div_common                        0x08001605   Thumb Code   696  btod.o(CL$$btod_div_common)
    _e2e                                     0x0800193d   Thumb Code   198  btod.o(CL$$btod_e2e)
    _btod_ediv                               0x08001a03   Thumb Code    40  btod.o(CL$$btod_ediv)
    _btod_emul                               0x08001a2b   Thumb Code    40  btod.o(CL$$btod_emul)
    __btod_mult_common                       0x08001a53   Thumb Code   580  btod.o(CL$$btod_mult_common)
    BusFault_Handler                         0x08001c97   Thumb Code     4  stm32f10x_it.o(i.BusFault_Handler)
    DebugMon_Handler                         0x08001c9b   Thumb Code     2  stm32f10x_it.o(i.DebugMon_Handler)
    Distance                                 0x08001c9d   Thumb Code   104  hcsr.o(i.Distance)
    GPIO_Init                                0x08001d15   Thumb Code   278  stm32f10x_gpio.o(i.GPIO_Init)
    GPIO_ReadInputDataBit                    0x08001e2b   Thumb Code    18  stm32f10x_gpio.o(i.GPIO_ReadInputDataBit)
    GPIO_ResetBits                           0x08001e3d   Thumb Code     4  stm32f10x_gpio.o(i.GPIO_ResetBits)
    GPIO_SetBits                             0x08001e41   Thumb Code     4  stm32f10x_gpio.o(i.GPIO_SetBits)
    HardFault_Handler                        0x08001e45   Thumb Code     4  stm32f10x_it.o(i.HardFault_Handler)
    MemManage_Handler                        0x08001e49   Thumb Code     4  stm32f10x_it.o(i.MemManage_Handler)
    My_CSB_Init                              0x08001e4d   Thumb Code   158  hcsr.o(i.My_CSB_Init)
    My_LED_Init                              0x08001ef1   Thumb Code    48  led.o(i.My_LED_Init)
    My_US_Init                               0x08001f25   Thumb Code   164  myus.o(i.My_US_Init)
    NMI_Handler                              0x08001fd1   Thumb Code     2  stm32f10x_it.o(i.NMI_Handler)
    NVIC_Init                                0x08001fd5   Thumb Code   100  misc.o(i.NVIC_Init)
    NVIC_PriorityGroupConfig                 0x08002045   Thumb Code    10  misc.o(i.NVIC_PriorityGroupConfig)
    PendSV_Handler                           0x08002059   Thumb Code     2  stm32f10x_it.o(i.PendSV_Handler)
    RCC_APB1PeriphClockCmd                   0x0800205d   Thumb Code    26  stm32f10x_rcc.o(i.RCC_APB1PeriphClockCmd)
    RCC_APB2PeriphClockCmd                   0x0800207d   Thumb Code    26  stm32f10x_rcc.o(i.RCC_APB2PeriphClockCmd)
    RCC_GetClocksFreq                        0x0800209d   Thumb Code   192  stm32f10x_rcc.o(i.RCC_GetClocksFreq)
    SVC_Handler                              0x08002171   Thumb Code     2  stm32f10x_it.o(i.SVC_Handler)
    SysTick_CLKSourceConfig                  0x0800225d   Thumb Code    40  misc.o(i.SysTick_CLKSourceConfig)
    SysTick_Handler                          0x08002285   Thumb Code     2  stm32f10x_it.o(i.SysTick_Handler)
    SystemInit                               0x08002289   Thumb Code    78  system_stm32f10x.o(i.SystemInit)
    TIM2_IRQHandler                          0x080022e9   Thumb Code    32  hcsr.o(i.TIM2_IRQHandler)
    TIM_ClearITPendingBit                    0x0800230d   Thumb Code     6  stm32f10x_tim.o(i.TIM_ClearITPendingBit)
    TIM_Cmd                                  0x08002313   Thumb Code    24  stm32f10x_tim.o(i.TIM_Cmd)
    TIM_GetITStatus                          0x0800232b   Thumb Code    34  stm32f10x_tim.o(i.TIM_GetITStatus)
    TIM_ITConfig                             0x0800234d   Thumb Code    18  stm32f10x_tim.o(i.TIM_ITConfig)
    TIM_TimeBaseInit                         0x08002361   Thumb Code   122  stm32f10x_tim.o(i.TIM_TimeBaseInit)
    USART1_IRQHandler                        0x08002405   Thumb Code    32  myus.o(i.USART1_IRQHandler)
    USART_Cmd                                0x08002429   Thumb Code    24  stm32f10x_usart.o(i.USART_Cmd)
    USART_GetITStatus                        0x08002441   Thumb Code    84  stm32f10x_usart.o(i.USART_GetITStatus)
    USART_ITConfig                           0x08002495   Thumb Code    74  stm32f10x_usart.o(i.USART_ITConfig)
    USART_Init                               0x080024e1   Thumb Code   210  stm32f10x_usart.o(i.USART_Init)
    USART_ReceiveData                        0x080025b9   Thumb Code    10  stm32f10x_usart.o(i.USART_ReceiveData)
    USART_SendData                           0x080025c3   Thumb Code     8  stm32f10x_usart.o(i.USART_SendData)
    UsageFault_Handler                       0x080025cb   Thumb Code     4  stm32f10x_it.o(i.UsageFault_Handler)
    __ARM_fpclassify                         0x080025cf   Thumb Code    40  fpclassify.o(i.__ARM_fpclassify)
    _is_digit                                0x080025f7   Thumb Code    14  __printf_wp.o(i._is_digit)
    delay_init                               0x08002605   Thumb Code    50  delay.o(i.delay_init)
    delay_us                                 0x08002649   Thumb Code    72  delay.o(i.delay_us)
    fputc                                    0x08002695   Thumb Code    26  fputc.o(i.fputc)
    main                                     0x080026b1   Thumb Code    54  main.o(i.main)
    _get_lc_numeric                          0x080026f1   Thumb Code    44  lc_numeric_c.o(locale$$code)
    __fpl_dretinf                            0x0800271d   Thumb Code    12  dretinf.o(x$fpl$dretinf)
    __aeabi_f2d                              0x08002729   Thumb Code     0  f2d.o(x$fpl$f2d)
    _f2d                                     0x08002729   Thumb Code    86  f2d.o(x$fpl$f2d)
    __aeabi_fdiv                             0x08002781   Thumb Code     0  fdiv.o(x$fpl$fdiv)
    _fdiv                                    0x08002781   Thumb Code   384  fdiv.o(x$fpl$fdiv)
    __aeabi_i2f                              0x08002905   Thumb Code     0  fflt_clz.o(x$fpl$fflt)
    _fflt                                    0x08002905   Thumb Code    48  fflt_clz.o(x$fpl$fflt)
    __fpl_fnaninf                            0x08002935   Thumb Code   140  fnaninf.o(x$fpl$fnaninf)
    __fpl_fretinf                            0x080029c1   Thumb Code    10  fretinf.o(x$fpl$fretinf)
    _printf_fp_dec                           0x080029cb   Thumb Code     4  printf1.o(x$fpl$printf1)
    __I$use$fp                               0x080029ce   Number         0  usenofp.o(x$fpl$usenofp)
    __stdin_name                             0x08002a64   Data           4  sys_io.o(.constdata)
    __stdout_name                            0x08002a68   Data           4  sys_io.o(.constdata)
    __stderr_name                            0x08002a6c   Data           4  sys_io.o(.constdata)
    Region$$Table$$Base                      0x08002a70   Number         0  anon$$obj.o(Region$$Table)
    Region$$Table$$Limit                     0x08002a90   Number         0  anon$$obj.o(Region$$Table)
    SystemCoreClock                          0x20000000   Data           4  system_stm32f10x.o(.data)
    AHBPrescTable                            0x20000004   Data          16  system_stm32f10x.o(.data)
    N                                        0x2000002c   Data           4  hcsr.o(.data)
    distance                                 0x20000030   Data           4  hcsr.o(.data)
    count                                    0x20000034   Data           4  hcsr.o(.data)
    __aeabi_stdin                            0x20000038   Data           4  stdio_streams.o(.data)
    __aeabi_stdout                           0x2000003c   Data           4  stdio_streams.o(.data)
    __aeabi_stderr                           0x20000040   Data           4  stdio_streams.o(.data)
    __stdin                                  0x20000044   Data          84  stdio_streams.o(.bss)
    __stdout                                 0x20000098   Data          84  stdio_streams.o(.bss)
    __stderr                                 0x200000ec   Data          84  stdio_streams.o(.bss)
    __libspace_start                         0x20000140   Data          96  libspace.o(.bss)
    __temporary_stack_top$libspace           0x200001a0   Data           0  libspace.o(.bss)



==============================================================================

Memory Map of the image

  Image Entry point : 0x080001f5

  Load Region LR_1 (Base: 0x08000000, Size: 0x00002af0, Max: 0xffffffff, ABSOLUTE)

    Execution Region ER_RO (Base: 0x08000000, Size: 0x00002aac, Max: 0xffffffff, ABSOLUTE)

    Base Addr    Size         Type   Attr      Idx    E Section Name        Object

    0x08000000   0x00000130   Data   RO          306    RESET               startup_stm32f10x_hd.o
    0x08000130   0x00000008   Code   RO         3369  * !!!main             c_w.l(__main.o)
    0x08000138   0x00000034   Code   RO         3781    !!!scatter          c_w.l(__scatter.o)
    0x0800016c   0x0000001a   Code   RO         3783    !!handler_copy      c_w.l(__scatter_copy.o)
    0x08000186   0x00000002   PAD
    0x08000188   0x0000001c   Code   RO         3785    !!handler_zi        c_w.l(__scatter_zi.o)
    0x080001a4   0x00000000   Code   RO         3366    .ARM.Collect$$_printf_percent$$00000000  c_w.l(_printf_percent.o)
    0x080001a4   0x00000006   Code   RO         3365    .ARM.Collect$$_printf_percent$$00000003  c_w.l(_printf_f.o)
    0x080001aa   0x00000004   Code   RO         3390    .ARM.Collect$$_printf_percent$$00000017  c_w.l(_printf_percent_end.o)
    0x080001ae   0x00000002   Code   RO         3574    .ARM.Collect$$libinit$$00000000  c_w.l(libinit.o)
    0x080001b0   0x00000000   Code   RO         3576    .ARM.Collect$$libinit$$00000002  c_w.l(libinit2.o)
    0x080001b0   0x00000008   Code   RO         3577    .ARM.Collect$$libinit$$00000003  c_w.l(libinit2.o)
    0x080001b8   0x00000000   Code   RO         3579    .ARM.Collect$$libinit$$00000008  c_w.l(libinit2.o)
    0x080001b8   0x00000000   Code   RO         3581    .ARM.Collect$$libinit$$0000000A  c_w.l(libinit2.o)
    0x080001b8   0x00000000   Code   RO         3583    .ARM.Collect$$libinit$$0000000C  c_w.l(libinit2.o)
    0x080001b8   0x00000006   Code   RO         3584    .ARM.Collect$$libinit$$0000000D  c_w.l(libinit2.o)
    0x080001be   0x00000000   Code   RO         3586    .ARM.Collect$$libinit$$0000000F  c_w.l(libinit2.o)
    0x080001be   0x00000000   Code   RO         3588    .ARM.Collect$$libinit$$00000011  c_w.l(libinit2.o)
    0x080001be   0x00000000   Code   RO         3590    .ARM.Collect$$libinit$$00000013  c_w.l(libinit2.o)
    0x080001be   0x0000000a   Code   RO         3591    .ARM.Collect$$libinit$$00000014  c_w.l(libinit2.o)
    0x080001c8   0x00000000   Code   RO         3592    .ARM.Collect$$libinit$$00000015  c_w.l(libinit2.o)
    0x080001c8   0x00000000   Code   RO         3594    .ARM.Collect$$libinit$$00000017  c_w.l(libinit2.o)
    0x080001c8   0x00000000   Code   RO         3596    .ARM.Collect$$libinit$$00000019  c_w.l(libinit2.o)
    0x080001c8   0x00000000   Code   RO         3598    .ARM.Collect$$libinit$$0000001B  c_w.l(libinit2.o)
    0x080001c8   0x00000000   Code   RO         3600    .ARM.Collect$$libinit$$0000001D  c_w.l(libinit2.o)
    0x080001c8   0x00000000   Code   RO         3602    .ARM.Collect$$libinit$$0000001F  c_w.l(libinit2.o)
    0x080001c8   0x00000000   Code   RO         3604    .ARM.Collect$$libinit$$00000021  c_w.l(libinit2.o)
    0x080001c8   0x00000004   Code   RO         3605    .ARM.Collect$$libinit$$00000022  c_w.l(libinit2.o)
    0x080001cc   0x00000000   Code   RO         3606    .ARM.Collect$$libinit$$00000023  c_w.l(libinit2.o)
    0x080001cc   0x00000000   Code   RO         3610    .ARM.Collect$$libinit$$0000002A  c_w.l(libinit2.o)
    0x080001cc   0x00000000   Code   RO         3612    .ARM.Collect$$libinit$$0000002C  c_w.l(libinit2.o)
    0x080001cc   0x00000000   Code   RO         3614    .ARM.Collect$$libinit$$0000002E  c_w.l(libinit2.o)
    0x080001cc   0x00000000   Code   RO         3616    .ARM.Collect$$libinit$$00000030  c_w.l(libinit2.o)
    0x080001cc   0x00000002   Code   RO         3617    .ARM.Collect$$libinit$$00000031  c_w.l(libinit2.o)
    0x080001ce   0x00000002   Code   RO         3760    .ARM.Collect$$libshutdown$$00000000  c_w.l(libshutdown.o)
    0x080001d0   0x00000004   Code   RO         3619    .ARM.Collect$$libshutdown$$00000002  c_w.l(libshutdown2.o)
    0x080001d4   0x00000000   Code   RO         3620    .ARM.Collect$$libshutdown$$00000003  c_w.l(libshutdown2.o)
    0x080001d4   0x00000000   Code   RO         3623    .ARM.Collect$$libshutdown$$00000006  c_w.l(libshutdown2.o)
    0x080001d4   0x00000000   Code   RO         3626    .ARM.Collect$$libshutdown$$00000009  c_w.l(libshutdown2.o)
    0x080001d4   0x00000000   Code   RO         3628    .ARM.Collect$$libshutdown$$0000000B  c_w.l(libshutdown2.o)
    0x080001d4   0x00000000   Code   RO         3631    .ARM.Collect$$libshutdown$$0000000E  c_w.l(libshutdown2.o)
    0x080001d4   0x00000002   Code   RO         3632    .ARM.Collect$$libshutdown$$0000000F  c_w.l(libshutdown2.o)
    0x080001d6   0x00000000   Code   RO         3385    .ARM.Collect$$rtentry$$00000000  c_w.l(rtentry.o)
    0x080001d6   0x00000000   Code   RO         3405    .ARM.Collect$$rtentry$$00000002  c_w.l(rtentry2.o)
    0x080001d6   0x00000006   Code   RO         3417    .ARM.Collect$$rtentry$$00000004  c_w.l(rtentry4.o)
    0x080001dc   0x00000000   Code   RO         3407    .ARM.Collect$$rtentry$$00000009  c_w.l(rtentry2.o)
    0x080001dc   0x00000004   Code   RO         3408    .ARM.Collect$$rtentry$$0000000A  c_w.l(rtentry2.o)
    0x080001e0   0x00000000   Code   RO         3410    .ARM.Collect$$rtentry$$0000000C  c_w.l(rtentry2.o)
    0x080001e0   0x00000008   Code   RO         3411    .ARM.Collect$$rtentry$$0000000D  c_w.l(rtentry2.o)
    0x080001e8   0x00000002   Code   RO         3638    .ARM.Collect$$rtexit$$00000000  c_w.l(rtexit.o)
    0x080001ea   0x00000000   Code   RO         3696    .ARM.Collect$$rtexit$$00000002  c_w.l(rtexit2.o)
    0x080001ea   0x00000004   Code   RO         3697    .ARM.Collect$$rtexit$$00000003  c_w.l(rtexit2.o)
    0x080001ee   0x00000006   Code   RO         3698    .ARM.Collect$$rtexit$$00000004  c_w.l(rtexit2.o)
    0x080001f4   0x00000000   Code   RO         3702    .emb_text           c_w.l(maybetermalloc1.o)
    0x080001f4   0x00000040   Code   RO          307  * .text               startup_stm32f10x_hd.o
    0x08000234   0x00000018   Code   RO         3339    .text               c_w.l(noretval__2printf.o)
    0x0800024c   0x0000004e   Code   RO         3343    .text               c_w.l(_printf_pad.o)
    0x0800029a   0x0000010e   Code   RO         3353    .text               c_w.l(__printf_wp.o)
    0x080003a8   0x00000006   Code   RO         3367    .text               c_w.l(heapauxi.o)
    0x080003ae   0x00000416   Code   RO         3386    .text               c_w.l(_printf_fp_dec.o)
    0x080007c4   0x00000024   Code   RO         3388    .text               c_w.l(_printf_char_file.o)
    0x080007e8   0x00000008   Code   RO         3422    .text               c_w.l(rt_locale_intlibspace.o)
    0x080007f0   0x0000008a   Code   RO         3424    .text               c_w.l(lludiv10.o)
    0x0800087a   0x00000002   PAD
    0x0800087c   0x00000030   Code   RO         3426    .text               c_w.l(_printf_char_common.o)
    0x080008ac   0x00000080   Code   RO         3428    .text               c_w.l(_printf_fp_infnan.o)
    0x0800092c   0x000000d8   Code   RO         3430    .text               c_w.l(bigflt0.o)
    0x08000a04   0x00000008   Code   RO         3455    .text               c_w.l(ferror.o)
    0x08000a0c   0x00000138   Code   RO         3461    .text               c_w.l(initio.o)
    0x08000b44   0x00000066   Code   RO         3476    .text               c_w.l(sys_io.o)
    0x08000baa   0x00000002   PAD
    0x08000bac   0x00000008   Code   RO         3481    .text               c_w.l(libspace.o)
    0x08000bb4   0x0000004a   Code   RO         3486    .text               c_w.l(sys_stackheap_outer.o)
    0x08000bfe   0x0000004e   Code   RO         3490    .text               c_w.l(h1_free.o)
    0x08000c4c   0x000001d6   Code   RO         3546    .text               c_w.l(flsbuf.o)
    0x08000e22   0x00000046   Code   RO         3548    .text               c_w.l(setvbuf.o)
    0x08000e68   0x000000ec   Code   RO         3551    .text               c_w.l(fopen.o)
    0x08000f54   0x0000004c   Code   RO         3553    .text               c_w.l(fclose.o)
    0x08000fa0   0x0000000c   Code   RO         3559    .text               c_w.l(exit.o)
    0x08000fac   0x0000000e   Code   RO         3561    .text               c_w.l(defsig_rtred_outer.o)
    0x08000fba   0x0000004e   Code   RO         3565    .text               c_w.l(rt_memclr_w.o)
    0x08001008   0x00000080   Code   RO         3567    .text               c_w.l(strcmpv7m.o)
    0x08001088   0x00000002   Code   RO         3635    .text               c_w.l(use_no_semi.o)
    0x0800108a   0x00000000   Code   RO         3637    .text               c_w.l(indicate_semi.o)
    0x0800108a   0x00000002   PAD
    0x0800108c   0x00000008   Code   RO         3645    .text               c_w.l(rt_heap_descriptor_intlibspace.o)
    0x08001094   0x00000004   Code   RO         3647    .text               c_w.l(hguard.o)
    0x08001098   0x0000008a   Code   RO         3649    .text               c_w.l(init_alloc.o)
    0x08001122   0x0000005e   Code   RO         3655    .text               c_w.l(h1_alloc.o)
    0x08001180   0x000000f8   Code   RO         3671    .text               c_w.l(fseek.o)
    0x08001278   0x000000f0   Code   RO         3673    .text               c_w.l(stdio.o)
    0x08001368   0x0000000a   Code   RO         3679    .text               c_w.l(defsig_exit.o)
    0x08001372   0x00000002   PAD
    0x08001374   0x00000034   Code   RO         3681    .text               c_w.l(defsig_rtred_inner.o)
    0x080013a8   0x0000003e   Code   RO         3685    .text               c_w.l(strlen.o)
    0x080013e6   0x00000002   PAD
    0x080013e8   0x0000000c   Code   RO         3693    .text               c_w.l(sys_exit.o)
    0x080013f4   0x0000000e   Code   RO         3704    .text               c_w.l(h1_init.o)
    0x08001402   0x00000034   Code   RO         3706    .text               c_w.l(h1_extend.o)
    0x08001436   0x00000042   Code   RO         3716    .text               c_w.l(ftell.o)
    0x08001478   0x00000032   Code   RO         3724    .text               c_w.l(defsig_general.o)
    0x080014aa   0x0000000e   Code   RO         3726    .text               c_w.l(defsig_rtmem_outer.o)
    0x080014b8   0x0000000e   Code   RO         3741    .text               c_w.l(sys_wrch.o)
    0x080014c6   0x00000002   PAD
    0x080014c8   0x00000008   Code   RO         3748    .text               c_w.l(rt_errno_addr_intlibspace.o)
    0x080014d0   0x00000050   Code   RO         3754    .text               c_w.l(defsig_rtmem_inner.o)
    0x08001520   0x0000003e   Code   RO         3433    CL$$btod_d2e        c_w.l(btod.o)
    0x0800155e   0x00000046   Code   RO         3435    CL$$btod_d2e_denorm_low  c_w.l(btod.o)
    0x080015a4   0x00000060   Code   RO         3434    CL$$btod_d2e_norm_op1  c_w.l(btod.o)
    0x08001604   0x00000338   Code   RO         3443    CL$$btod_div_common  c_w.l(btod.o)
    0x0800193c   0x000000c6   Code   RO         3440    CL$$btod_e2e        c_w.l(btod.o)
    0x08001a02   0x00000028   Code   RO         3437    CL$$btod_ediv       c_w.l(btod.o)
    0x08001a2a   0x00000028   Code   RO         3436    CL$$btod_emul       c_w.l(btod.o)
    0x08001a52   0x00000244   Code   RO         3442    CL$$btod_mult_common  c_w.l(btod.o)
    0x08001c96   0x00000004   Code   RO          116    i.BusFault_Handler  stm32f10x_it.o
    0x08001c9a   0x00000002   Code   RO          117    i.DebugMon_Handler  stm32f10x_it.o
    0x08001c9c   0x00000078   Code   RO         3308    i.Distance          hcsr.o
    0x08001d14   0x00000116   Code   RO         1462    i.GPIO_Init         stm32f10x_gpio.o
    0x08001e2a   0x00000012   Code   RO         1466    i.GPIO_ReadInputDataBit  stm32f10x_gpio.o
    0x08001e3c   0x00000004   Code   RO         1469    i.GPIO_ResetBits    stm32f10x_gpio.o
    0x08001e40   0x00000004   Code   RO         1470    i.GPIO_SetBits      stm32f10x_gpio.o
    0x08001e44   0x00000004   Code   RO          118    i.HardFault_Handler  stm32f10x_it.o
    0x08001e48   0x00000004   Code   RO          119    i.MemManage_Handler  stm32f10x_it.o
    0x08001e4c   0x000000a4   Code   RO         3309    i.My_CSB_Init       hcsr.o
    0x08001ef0   0x00000034   Code   RO         3278    i.My_LED_Init       led.o
    0x08001f24   0x000000ac   Code   RO         3290    i.My_US_Init        myus.o
    0x08001fd0   0x00000002   Code   RO          120    i.NMI_Handler       stm32f10x_it.o
    0x08001fd2   0x00000002   PAD
    0x08001fd4   0x00000070   Code   RO          311    i.NVIC_Init         misc.o
    0x08002044   0x00000014   Code   RO          312    i.NVIC_PriorityGroupConfig  misc.o
    0x08002058   0x00000002   Code   RO          121    i.PendSV_Handler    stm32f10x_it.o
    0x0800205a   0x00000002   PAD
    0x0800205c   0x00000020   Code   RO         1878    i.RCC_APB1PeriphClockCmd  stm32f10x_rcc.o
    0x0800207c   0x00000020   Code   RO         1880    i.RCC_APB2PeriphClockCmd  stm32f10x_rcc.o
    0x0800209c   0x000000d4   Code   RO         1888    i.RCC_GetClocksFreq  stm32f10x_rcc.o
    0x08002170   0x00000002   Code   RO          122    i.SVC_Handler       stm32f10x_it.o
    0x08002172   0x00000008   Code   RO          179    i.SetSysClock       system_stm32f10x.o
    0x0800217a   0x00000002   PAD
    0x0800217c   0x000000e0   Code   RO          180    i.SetSysClockTo72   system_stm32f10x.o
    0x0800225c   0x00000028   Code   RO          315    i.SysTick_CLKSourceConfig  misc.o
    0x08002284   0x00000002   Code   RO          123    i.SysTick_Handler   stm32f10x_it.o
    0x08002286   0x00000002   PAD
    0x08002288   0x00000060   Code   RO          182    i.SystemInit        system_stm32f10x.o
    0x080022e8   0x00000024   Code   RO         3310    i.TIM2_IRQHandler   hcsr.o
    0x0800230c   0x00000006   Code   RO         2507    i.TIM_ClearITPendingBit  stm32f10x_tim.o
    0x08002312   0x00000018   Code   RO         2512    i.TIM_Cmd           stm32f10x_tim.o
    0x0800232a   0x00000022   Code   RO         2533    i.TIM_GetITStatus   stm32f10x_tim.o
    0x0800234c   0x00000012   Code   RO         2537    i.TIM_ITConfig      stm32f10x_tim.o
    0x0800235e   0x00000002   PAD
    0x08002360   0x000000a4   Code   RO         2583    i.TIM_TimeBaseInit  stm32f10x_tim.o
    0x08002404   0x00000024   Code   RO         3291    i.USART1_IRQHandler  myus.o
    0x08002428   0x00000018   Code   RO         3048    i.USART_Cmd         stm32f10x_usart.o
    0x08002440   0x00000054   Code   RO         3052    i.USART_GetITStatus  stm32f10x_usart.o
    0x08002494   0x0000004a   Code   RO         3054    i.USART_ITConfig    stm32f10x_usart.o
    0x080024de   0x00000002   PAD
    0x080024e0   0x000000d8   Code   RO         3055    i.USART_Init        stm32f10x_usart.o
    0x080025b8   0x0000000a   Code   RO         3062    i.USART_ReceiveData  stm32f10x_usart.o
    0x080025c2   0x00000008   Code   RO         3065    i.USART_SendData    stm32f10x_usart.o
    0x080025ca   0x00000004   Code   RO          124    i.UsageFault_Handler  stm32f10x_it.o
    0x080025ce   0x00000028   Code   RO         3474    i.__ARM_fpclassify  m_ws.l(fpclassify.o)
    0x080025f6   0x0000000e   Code   RO         3355    i._is_digit         c_w.l(__printf_wp.o)
    0x08002604   0x00000044   Code   RO          213    i.delay_init        delay.o
    0x08002648   0x0000004c   Code   RO          215    i.delay_us          delay.o
    0x08002694   0x0000001a   Code   RO         3458    i.fputc             c_w.l(fputc.o)
    0x080026ae   0x00000002   PAD
    0x080026b0   0x00000040   Code   RO            1    i.main              main.o
    0x080026f0   0x0000002c   Code   RO         3470    locale$$code        c_w.l(lc_numeric_c.o)
    0x0800271c   0x0000000c   Code   RO         3397    x$fpl$dretinf       fz_ws.l(dretinf.o)
    0x08002728   0x00000056   Code   RO         3371    x$fpl$f2d           fz_ws.l(f2d.o)
    0x0800277e   0x00000002   PAD
    0x08002780   0x00000184   Code   RO         3374    x$fpl$fdiv          fz_ws.l(fdiv.o)
    0x08002904   0x00000030   Code   RO         3378    x$fpl$fflt          fz_ws.l(fflt_clz.o)
    0x08002934   0x0000008c   Code   RO         3399    x$fpl$fnaninf       fz_ws.l(fnaninf.o)
    0x080029c0   0x0000000a   Code   RO         3401    x$fpl$fretinf       fz_ws.l(fretinf.o)
    0x080029ca   0x00000004   Code   RO         3383    x$fpl$printf1       fz_ws.l(printf1.o)
    0x080029ce   0x00000000   Code   RO         3403    x$fpl$usenofp       fz_ws.l(usenofp.o)
    0x080029ce   0x00000002   PAD
    0x080029d0   0x00000094   Data   RO         3431    .constdata          c_w.l(bigflt0.o)
    0x08002a64   0x00000004   Data   RO         3477    .constdata          c_w.l(sys_io.o)
    0x08002a68   0x00000004   Data   RO         3478    .constdata          c_w.l(sys_io.o)
    0x08002a6c   0x00000004   Data   RO         3479    .constdata          c_w.l(sys_io.o)
    0x08002a70   0x00000020   Data   RO         3779    Region$$Table       anon$$obj.o
    0x08002a90   0x0000001c   Data   RO         3469    locale$$data        c_w.l(lc_numeric_c.o)


    Execution Region ER_RW (Base: 0x20000000, Size: 0x00000044, Max: 0xffffffff, ABSOLUTE)

    Base Addr    Size         Type   Attr      Idx    E Section Name        Object

    0x20000000   0x00000014   Data   RW          183    .data               system_stm32f10x.o
    0x20000014   0x00000004   Data   RW          216    .data               delay.o
    0x20000018   0x00000014   Data   RW         1908    .data               stm32f10x_rcc.o
    0x2000002c   0x0000000c   Data   RW         3311    .data               hcsr.o
    0x20000038   0x00000004   Data   RW         3394    .data               c_w.l(stdio_streams.o)
    0x2000003c   0x00000004   Data   RW         3395    .data               c_w.l(stdio_streams.o)
    0x20000040   0x00000004   Data   RW         3396    .data               c_w.l(stdio_streams.o)


    Execution Region ER_ZI (Base: 0x20000044, Size: 0x0000075c, Max: 0xffffffff, ABSOLUTE)

    Base Addr    Size         Type   Attr      Idx    E Section Name        Object

    0x20000044   0x00000054   Zero   RW         3391    .bss                c_w.l(stdio_streams.o)
    0x20000098   0x00000054   Zero   RW         3392    .bss                c_w.l(stdio_streams.o)
    0x200000ec   0x00000054   Zero   RW         3393    .bss                c_w.l(stdio_streams.o)
    0x20000140   0x00000060   Zero   RW         3482    .bss                c_w.l(libspace.o)
    0x200001a0   0x00000200   Zero   RW          305    HEAP                startup_stm32f10x_hd.o
    0x200003a0   0x00000400   Zero   RW          304    STACK               startup_stm32f10x_hd.o


==============================================================================

Image component sizes


      Code (inc. data)   RO Data    RW Data    ZI Data      Debug   Object Name

       144         22          0          4          0     205748   delay.o
       320         26          0         12          0       1770   hcsr.o
        52          4          0          0          0        442   led.o
        64         10          0          0          0      48075   main.o
       172         22          0          0          0       1873   misc.o
       208         12          0          0          0       1061   myus.o
        64         26        304          0       1536        760   startup_stm32f10x_hd.o
       304          0          0          0          0       3404   stm32f10x_gpio.o
        26          0          0          0          0       3290   stm32f10x_it.o
       276         32          0         20          0       4210   stm32f10x_rcc.o
       246         42          0          0          0       3262   stm32f10x_tim.o
       416          6          0          0          0       5159   stm32f10x_usart.o
         0          0          0          0          0         32   sys.o
       328         28          0         20          0       1857   system_stm32f10x.o

    ----------------------------------------------------------------------
      2632        230        336         56       1536     280943   Object Totals
         0          0         32          0          0          0   (incl. Generated)
        12          0          0          0          0          0   (incl. Padding)

    ----------------------------------------------------------------------

      Code (inc. data)   RO Data    RW Data    ZI Data      Debug   Library Member Name

         8          0          0          0          0         68   __main.o
       284          0          0          0          0        156   __printf_wp.o
        52          8          0          0          0          0   __scatter.o
        26          0          0          0          0          0   __scatter_copy.o
        28          0          0          0          0          0   __scatter_zi.o
        48          6          0          0          0         96   _printf_char_common.o
        36          4          0          0          0         80   _printf_char_file.o
         6          0          0          0          0          0   _printf_f.o
      1046          0          0          0          0        216   _printf_fp_dec.o
       128         16          0          0          0         84   _printf_fp_infnan.o
        78          0          0          0          0        108   _printf_pad.o
         0          0          0          0          0          0   _printf_percent.o
         4          0          0          0          0          0   _printf_percent_end.o
       216          4        148          0          0         96   bigflt0.o
      1910        128          0          0          0        672   btod.o
        10          0          0          0          0         68   defsig_exit.o
        50          0          0          0          0         88   defsig_general.o
        80         58          0          0          0         76   defsig_rtmem_inner.o
        14          0          0          0          0         80   defsig_rtmem_outer.o
        52         38          0          0          0         76   defsig_rtred_inner.o
        14          0          0          0          0         80   defsig_rtred_outer.o
        12          0          0          0          0         72   exit.o
        76          0          0          0          0         88   fclose.o
         8          0          0          0          0         68   ferror.o
       470          0          0          0          0         88   flsbuf.o
       236          4          0          0          0        128   fopen.o
        26          0          0          0          0         68   fputc.o
       248          6          0          0          0         84   fseek.o
        66          0          0          0          0         76   ftell.o
        94          0          0          0          0         80   h1_alloc.o
        52          0          0          0          0         68   h1_extend.o
        78          0          0          0          0         80   h1_free.o
        14          0          0          0          0         84   h1_init.o
         6          0          0          0          0        152   heapauxi.o
         4          0          0          0          0        136   hguard.o
         0          0          0          0          0          0   indicate_semi.o
       138          0          0          0          0        168   init_alloc.o
       312         46          0          0          0        112   initio.o
        44         10         28          0          0         76   lc_numeric_c.o
         2          0          0          0          0          0   libinit.o
        30          0          0          0          0          0   libinit2.o
         2          0          0          0          0          0   libshutdown.o
         6          0          0          0          0          0   libshutdown2.o
         8          4          0          0         96         68   libspace.o
       138          0          0          0          0         80   lludiv10.o
         0          0          0          0          0          0   maybetermalloc1.o
        24          4          0          0          0         84   noretval__2printf.o
         8          4          0          0          0         68   rt_errno_addr_intlibspace.o
         8          4          0          0          0         68   rt_heap_descriptor_intlibspace.o
         8          4          0          0          0         68   rt_locale_intlibspace.o
        78          0          0          0          0         80   rt_memclr_w.o
         0          0          0          0          0          0   rtentry.o
        12          0          0          0          0          0   rtentry2.o
         6          0          0          0          0          0   rtentry4.o
         2          0          0          0          0          0   rtexit.o
        10          0          0          0          0          0   rtexit2.o
        70          0          0          0          0         80   setvbuf.o
       240          6          0          0          0        156   stdio.o
         0          0          0         12        252          0   stdio_streams.o
       128          0          0          0          0         68   strcmpv7m.o
        62          0          0          0          0         76   strlen.o
        12          4          0          0          0         68   sys_exit.o
       102          0         12          0          0        240   sys_io.o
        74          0          0          0          0         80   sys_stackheap_outer.o
        14          0          0          0          0         76   sys_wrch.o
         2          0          0          0          0         68   use_no_semi.o
        12          0          0          0          0         68   dretinf.o
        86          4          0          0          0         84   f2d.o
       388         76          0          0          0         96   fdiv.o
        48          0          0          0          0         68   fflt_clz.o
       140          4          0          0          0         84   fnaninf.o
        10          0          0          0          0         68   fretinf.o
         4          0          0          0          0         68   printf1.o
         0          0          0          0          0          0   usenofp.o
        40          0          0          0          0         68   fpclassify.o

    ----------------------------------------------------------------------
      7768        442        188         12        348       5704   Library Totals
        20          0          0          0          0          0   (incl. Padding)

    ----------------------------------------------------------------------

      Code (inc. data)   RO Data    RW Data    ZI Data      Debug   Library Name

      7020        358        188         12        348       5100   c_w.l
       688         84          0          0          0        536   fz_ws.l
        40          0          0          0          0         68   m_ws.l

    ----------------------------------------------------------------------
      7768        442        188         12        348       5704   Library Totals

    ----------------------------------------------------------------------

==============================================================================


      Code (inc. data)   RO Data    RW Data    ZI Data      Debug   

     10400        672        524         68       1884     281443   Grand Totals
     10400        672        524         68       1884     281443   ELF Image Totals
     10400        672        524         68          0          0   ROM Totals

==============================================================================

    Total RO  Size (Code + RO Data)                10924 (  10.67kB)
    Total RW  Size (RW Data + ZI Data)              1952 (   1.91kB)
    Total ROM Size (Code + RO Data + RW Data)      10992 (  10.73kB)

==============================================================================

